15:47:10 **** Incremental Build of configuration Debug for project F4_Forbot_8_pwm ****
make -j16 all 
arm-none-eabi-gcc "../Core/Src/main.c" -mcpu=cortex-m4 -std=gnu11 -g3 -DDEBUG -DUSE_HAL_DRIVER -DSTM32F411xE -c -I../Core/Inc -I../Drivers/STM32F4xx_HAL_Driver/Inc -I../Drivers/STM32F4xx_HAL_Driver/Inc/Legacy -I../Drivers/CMSIS/Device/ST/STM32F4xx/Include -I../Drivers/CMSIS/Include -O0 -ffunction-sections -fdata-sections -Wall -fstack-usage -MMD -MP -MF"Core/Src/main.d" -MT"Core/Src/main.o" --specs=nano.specs -mfpu=fpv4-sp-d16 -mfloat-abi=hard -mthumb -o "Core/Src/main.o"
arm-none-eabi-gcc "../Core/Src/stm32f4xx_it.c" -mcpu=cortex-m4 -std=gnu11 -g3 -DDEBUG -DUSE_HAL_DRIVER -DSTM32F411xE -c -I../Core/Inc -I../Drivers/STM32F4xx_HAL_Driver/Inc -I../Drivers/STM32F4xx_HAL_Driver/Inc/Legacy -I../Drivers/CMSIS/Device/ST/STM32F4xx/Include -I../Drivers/CMSIS/Include -O0 -ffunction-sections -fdata-sections -Wall -fstack-usage -MMD -MP -MF"Core/Src/stm32f4xx_it.d" -MT"Core/Src/stm32f4xx_it.o" --specs=nano.specs -mfpu=fpv4-sp-d16 -mfloat-abi=hard -mthumb -o "Core/Src/stm32f4xx_it.o"
arm-none-eabi-gcc -o "F4_Forbot_8_pwm.elf" @"objects.list"   -mcpu=cortex-m4 -T"C:\_SelfDevelopment\embedded\STM32\F4_forbot_cubeIDE\F4_Forbot_8_pwm\STM32F411VETX_FLASH.ld" --specs=nosys.specs -Wl,-Map="F4_Forbot_8_pwm.map" -Wl,--gc-sections -static --specs=nano.specs -mfpu=fpv4-sp-d16 -mfloat-abi=hard -mthumb -Wl,--start-group -lc -lm -Wl,--end-group
Finished building target: F4_Forbot_8_pwm.elf
 
arm-none-eabi-size   F4_Forbot_8_pwm.elf 
arm-none-eabi-objdump -h -S  F4_Forbot_8_pwm.elf  > "F4_Forbot_8_pwm.list"
   text	   data	    bss	    dec	    hex	filename
   9236	     24	   1648	  10908	   2a9c	F4_Forbot_8_pwm.elf
Finished building: default.size.stdout
 
Finished building: F4_Forbot_8_pwm.list
 

15:47:11 Build Finished. 0 errors, 0 warnings. (took 682ms)

