Archive member included to satisfy reference by file (symbol)

d:/st/stm32cubeide_1.8.0/stm32cubeide/plugins/com.st.stm32cube.ide.mcu.externaltools.gnu-tools-for-stm32.9-2020-q2-update.win32_2.0.0.202105311346/tools/bin/../lib/gcc/arm-none-eabi/9.3.1/../../../../arm-none-eabi/lib/thumb/v6-m/nofp\libc_nano.a(lib_a-errno.o)
                              ./Core/Src/syscalls.o (__errno)
d:/st/stm32cubeide_1.8.0/stm32cubeide/plugins/com.st.stm32cube.ide.mcu.externaltools.gnu-tools-for-stm32.9-2020-q2-update.win32_2.0.0.202105311346/tools/bin/../lib/gcc/arm-none-eabi/9.3.1/../../../../arm-none-eabi/lib/thumb/v6-m/nofp\libc_nano.a(lib_a-exit.o)
                              d:/st/stm32cubeide_1.8.0/stm32cubeide/plugins/com.st.stm32cube.ide.mcu.externaltools.gnu-tools-for-stm32.9-2020-q2-update.win32_2.0.0.202105311346/tools/bin/../lib/gcc/arm-none-eabi/9.3.1/../../../../arm-none-eabi/lib/thumb/v6-m/nofp/crt0.o (exit)
d:/st/stm32cubeide_1.8.0/stm32cubeide/plugins/com.st.stm32cube.ide.mcu.externaltools.gnu-tools-for-stm32.9-2020-q2-update.win32_2.0.0.202105311346/tools/bin/../lib/gcc/arm-none-eabi/9.3.1/../../../../arm-none-eabi/lib/thumb/v6-m/nofp\libc_nano.a(lib_a-impure.o)
                              d:/st/stm32cubeide_1.8.0/stm32cubeide/plugins/com.st.stm32cube.ide.mcu.externaltools.gnu-tools-for-stm32.9-2020-q2-update.win32_2.0.0.202105311346/tools/bin/../lib/gcc/arm-none-eabi/9.3.1/../../../../arm-none-eabi/lib/thumb/v6-m/nofp\libc_nano.a(lib_a-exit.o) (_global_impure_ptr)
d:/st/stm32cubeide_1.8.0/stm32cubeide/plugins/com.st.stm32cube.ide.mcu.externaltools.gnu-tools-for-stm32.9-2020-q2-update.win32_2.0.0.202105311346/tools/bin/../lib/gcc/arm-none-eabi/9.3.1/../../../../arm-none-eabi/lib/thumb/v6-m/nofp\libc_nano.a(lib_a-init.o)
                              d:/st/stm32cubeide_1.8.0/stm32cubeide/plugins/com.st.stm32cube.ide.mcu.externaltools.gnu-tools-for-stm32.9-2020-q2-update.win32_2.0.0.202105311346/tools/bin/../lib/gcc/arm-none-eabi/9.3.1/../../../../arm-none-eabi/lib/thumb/v6-m/nofp/crt0.o (__libc_init_array)
d:/st/stm32cubeide_1.8.0/stm32cubeide/plugins/com.st.stm32cube.ide.mcu.externaltools.gnu-tools-for-stm32.9-2020-q2-update.win32_2.0.0.202105311346/tools/bin/../lib/gcc/arm-none-eabi/9.3.1/../../../../arm-none-eabi/lib/thumb/v6-m/nofp\libc_nano.a(lib_a-memcpy-stub.o)
                              ./Core/Src/stm32hpmlib.o (memcpy)
d:/st/stm32cubeide_1.8.0/stm32cubeide/plugins/com.st.stm32cube.ide.mcu.externaltools.gnu-tools-for-stm32.9-2020-q2-update.win32_2.0.0.202105311346/tools/bin/../lib/gcc/arm-none-eabi/9.3.1/../../../../arm-none-eabi/lib/thumb/v6-m/nofp\libc_nano.a(lib_a-memset.o)
                              d:/st/stm32cubeide_1.8.0/stm32cubeide/plugins/com.st.stm32cube.ide.mcu.externaltools.gnu-tools-for-stm32.9-2020-q2-update.win32_2.0.0.202105311346/tools/bin/../lib/gcc/arm-none-eabi/9.3.1/../../../../arm-none-eabi/lib/thumb/v6-m/nofp/crt0.o (memset)
d:/st/stm32cubeide_1.8.0/stm32cubeide/plugins/com.st.stm32cube.ide.mcu.externaltools.gnu-tools-for-stm32.9-2020-q2-update.win32_2.0.0.202105311346/tools/bin/../lib/gcc/arm-none-eabi/9.3.1/thumb/v6-m/nofp\libgcc.a(_udivsi3.o)
                              ./Core/Src/printf.o (__aeabi_uidiv)
d:/st/stm32cubeide_1.8.0/stm32cubeide/plugins/com.st.stm32cube.ide.mcu.externaltools.gnu-tools-for-stm32.9-2020-q2-update.win32_2.0.0.202105311346/tools/bin/../lib/gcc/arm-none-eabi/9.3.1/thumb/v6-m/nofp\libgcc.a(_divsi3.o)
                              ./Core/Src/printf.o (__aeabi_idiv)
d:/st/stm32cubeide_1.8.0/stm32cubeide/plugins/com.st.stm32cube.ide.mcu.externaltools.gnu-tools-for-stm32.9-2020-q2-update.win32_2.0.0.202105311346/tools/bin/../lib/gcc/arm-none-eabi/9.3.1/thumb/v6-m/nofp\libgcc.a(_dvmd_tls.o)
                              d:/st/stm32cubeide_1.8.0/stm32cubeide/plugins/com.st.stm32cube.ide.mcu.externaltools.gnu-tools-for-stm32.9-2020-q2-update.win32_2.0.0.202105311346/tools/bin/../lib/gcc/arm-none-eabi/9.3.1/thumb/v6-m/nofp\libgcc.a(_udivsi3.o) (__aeabi_idiv0)
d:/st/stm32cubeide_1.8.0/stm32cubeide/plugins/com.st.stm32cube.ide.mcu.externaltools.gnu-tools-for-stm32.9-2020-q2-update.win32_2.0.0.202105311346/tools/bin/../lib/gcc/arm-none-eabi/9.3.1/thumb/v6-m/nofp\libgcc.a(_arm_cmpdf2.o)
                              ./Core/Src/printf.o (__aeabi_dcmpeq)
d:/st/stm32cubeide_1.8.0/stm32cubeide/plugins/com.st.stm32cube.ide.mcu.externaltools.gnu-tools-for-stm32.9-2020-q2-update.win32_2.0.0.202105311346/tools/bin/../lib/gcc/arm-none-eabi/9.3.1/thumb/v6-m/nofp\libgcc.a(_aeabi_uldivmod.o)
                              ./Core/Src/printf.o (__aeabi_uldivmod)
d:/st/stm32cubeide_1.8.0/stm32cubeide/plugins/com.st.stm32cube.ide.mcu.externaltools.gnu-tools-for-stm32.9-2020-q2-update.win32_2.0.0.202105311346/tools/bin/../lib/gcc/arm-none-eabi/9.3.1/thumb/v6-m/nofp\libgcc.a(_muldi3.o)
                              ./Drivers/STM32L0xx_HAL_Driver/Src/stm32l0xx_hal_rcc.o (__aeabi_lmul)
[...]
Memory Configuration

Name             Origin             Length             Attributes
RAM              0x0000000020000000 0x0000000000002000 xrw
FLASH            0x0000000008000000 0x0000000000010000 xr
*default*        0x0000000000000000 0xffffffffffffffff

Linker script and memory map

LOAD d:/st/stm32cubeide_1.8.0/stm32cubeide/plugins/com.st.stm32cube.ide.mcu.externaltools.gnu-tools-for-stm32.9-2020-q2-update.win32_2.0.0.202105311346/tools/bin/../lib/gcc/arm-none-eabi/9.3.1/thumb/v6-m/nofp/crti.o
LOAD d:/st/stm32cubeide_1.8.0/stm32cubeide/plugins/com.st.stm32cube.ide.mcu.externaltools.gnu-tools-for-stm32.9-2020-q2-update.win32_2.0.0.202105311346/tools/bin/../lib/gcc/arm-none-eabi/9.3.1/thumb/v6-m/nofp/crtbegin.o
LOAD d:/st/stm32cubeide_1.8.0/stm32cubeide/plugins/com.st.stm32cube.ide.mcu.externaltools.gnu-tools-for-stm32.9-2020-q2-update.win32_2.0.0.202105311346/tools/bin/../lib/gcc/arm-none-eabi/9.3.1/../../../../arm-none-eabi/lib/thumb/v6-m/nofp/crt0.o
LOAD ./Core/Src/gpio.o
LOAD ./Core/Src/i2c.o
LOAD ./Core/Src/main.o
LOAD ./Core/Src/printf.o
LOAD ./Core/Src/sensirion_common.o
LOAD ./Core/Src/sensirion_hw_i2c_implementation.o
LOAD ./Core/Src/sht_git_version.o
LOAD ./Core/Src/shtc1.o
LOAD ./Core/Src/stm32_tm1637.o
LOAD ./Core/Src/stm32hpmlib.o
LOAD ./Core/Src/stm32l0xx_hal_msp.o
LOAD ./Core/Src/stm32l0xx_it.o
LOAD ./Core/Src/syscalls.o
LOAD ./Core/Src/sysmem.o
LOAD ./Core/Src/system_stm32l0xx.o
LOAD ./Core/Src/usart.o
LOAD ./Core/Startup/startup_stm32l051k8tx.o
LOAD ./Drivers/STM32L0xx_HAL_Driver/Src/stm32l0xx_hal.o
LOAD ./Drivers/STM32L0xx_HAL_Driver/Src/stm32l0xx_hal_cortex.o
LOAD ./Drivers/STM32L0xx_HAL_Driver/Src/stm32l0xx_hal_dma.o
LOAD ./Drivers/STM32L0xx_HAL_Driver/Src/stm32l0xx_hal_exti.o
LOAD ./Drivers/STM32L0xx_HAL_Driver/Src/stm32l0xx_hal_flash.o
LOAD ./Drivers/STM32L0xx_HAL_Driver/Src/stm32l0xx_hal_flash_ex.o
LOAD ./Drivers/STM32L0xx_HAL_Driver/Src/stm32l0xx_hal_flash_ramfunc.o
LOAD ./Drivers/STM32L0xx_HAL_Driver/Src/stm32l0xx_hal_gpio.o
LOAD ./Drivers/STM32L0xx_HAL_Driver/Src/stm32l0xx_hal_i2c.o
LOAD ./Drivers/STM32L0xx_HAL_Driver/Src/stm32l0xx_hal_i2c_ex.o
LOAD ./Drivers/STM32L0xx_HAL_Driver/Src/stm32l0xx_hal_pwr.o
LOAD ./Drivers/STM32L0xx_HAL_Driver/Src/stm32l0xx_hal_pwr_ex.o
LOAD ./Drivers/STM32L0xx_HAL_Driver/Src/stm32l0xx_hal_rcc.o
LOAD ./Drivers/STM32L0xx_HAL_Driver/Src/stm32l0xx_hal_rcc_ex.o
LOAD ./Drivers/STM32L0xx_HAL_Driver/Src/stm32l0xx_hal_tim.o
LOAD ./Drivers/STM32L0xx_HAL_Driver/Src/stm32l0xx_hal_tim_ex.o
LOAD ./Drivers/STM32L0xx_HAL_Driver/Src/stm32l0xx_hal_uart.o
LOAD ./Drivers/STM32L0xx_HAL_Driver/Src/stm32l0xx_hal_uart_ex.o
START GROUP
LOAD d:/st/stm32cubeide_1.8.0/stm32cubeide/plugins/com.st.stm32cube.ide.mcu.externaltools.gnu-tools-for-stm32.9-2020-q2-update.win32_2.0.0.202105311346/tools/bin/../lib/gcc/arm-none-eabi/9.3.1/../../../../arm-none-eabi/lib/thumb/v6-m/nofp\libc_nano.a
LOAD d:/st/stm32cubeide_1.8.0/stm32cubeide/plugins/com.st.stm32cube.ide.mcu.externaltools.gnu-tools-for-stm32.9-2020-q2-update.win32_2.0.0.202105311346/tools/bin/../lib/gcc/arm-none-eabi/9.3.1/../../../../arm-none-eabi/lib/thumb/v6-m/nofp\libm.a
END GROUP
START GROUP
LOAD d:/st/stm32cubeide_1.8.0/stm32cubeide/plugins/com.st.stm32cube.ide.mcu.externaltools.gnu-tools-for-stm32.9-2020-q2-update.win32_2.0.0.202105311346/tools/bin/../lib/gcc/arm-none-eabi/9.3.1/thumb/v6-m/nofp\libgcc.a
LOAD d:/st/stm32cubeide_1.8.0/stm32cubeide/plugins/com.st.stm32cube.ide.mcu.externaltools.gnu-tools-for-stm32.9-2020-q2-update.win32_2.0.0.202105311346/tools/bin/../lib/gcc/arm-none-eabi/9.3.1/../../../../arm-none-eabi/lib/thumb/v6-m/nofp\libc_nano.a
END GROUP
START GROUP
LOAD d:/st/stm32cubeide_1.8.0/stm32cubeide/plugins/com.st.stm32cube.ide.mcu.externaltools.gnu-tools-for-stm32.9-2020-q2-update.win32_2.0.0.202105311346/tools/bin/../lib/gcc/arm-none-eabi/9.3.1/thumb/v6-m/nofp\libgcc.a
LOAD d:/st/stm32cubeide_1.8.0/stm32cubeide/plugins/com.st.stm32cube.ide.mcu.externaltools.gnu-tools-for-stm32.9-2020-q2-update.win32_2.0.0.202105311346/tools/bin/../lib/gcc/arm-none-eabi/9.3.1/../../../../arm-none-eabi/lib/thumb/v6-m/nofp\libc_nano.a
LOAD d:/st/stm32cubeide_1.8.0/stm32cubeide/plugins/com.st.stm32cube.ide.mcu.externaltools.gnu-tools-for-stm32.9-2020-q2-update.win32_2.0.0.202105311346/tools/bin/../lib/gcc/arm-none-eabi/9.3.1/../../../../arm-none-eabi/lib/thumb/v6-m/nofp\libnosys.a
END GROUP
START GROUP
LOAD d:/st/stm32cubeide_1.8.0/stm32cubeide/plugins/com.st.stm32cube.ide.mcu.externaltools.gnu-tools-for-stm32.9-2020-q2-update.win32_2.0.0.202105311346/tools/bin/../lib/gcc/arm-none-eabi/9.3.1/thumb/v6-m/nofp\libgcc.a
LOAD d:/st/stm32cubeide_1.8.0/stm32cubeide/plugins/com.st.stm32cube.ide.mcu.externaltools.gnu-tools-for-stm32.9-2020-q2-update.win32_2.0.0.202105311346/tools/bin/../lib/gcc/arm-none-eabi/9.3.1/../../../../arm-none-eabi/lib/thumb/v6-m/nofp\libc_nano.a
LOAD d:/st/stm32cubeide_1.8.0/stm32cubeide/plugins/com.st.stm32cube.ide.mcu.externaltools.gnu-tools-for-stm32.9-2020-q2-update.win32_2.0.0.202105311346/tools/bin/../lib/gcc/arm-none-eabi/9.3.1/../../../../arm-none-eabi/lib/thumb/v6-m/nofp\libnosys.a
END GROUP
LOAD d:/st/stm32cubeide_1.8.0/stm32cubeide/plugins/com.st.stm32cube.ide.mcu.externaltools.gnu-tools-for-stm32.9-2020-q2-update.win32_2.0.0.202105311346/tools/bin/../lib/gcc/arm-none-eabi/9.3.1/thumb/v6-m/nofp/crtend.o
LOAD d:/st/stm32cubeide_1.8.0/stm32cubeide/plugins/com.st.stm32cube.ide.mcu.externaltools.gnu-tools-for-stm32.9-2020-q2-update.win32_2.0.0.202105311346/tools/bin/../lib/gcc/arm-none-eabi/9.3.1/thumb/v6-m/nofp/crtn.o
                0x0000000020002000                _estack = (ORIGIN (RAM) + LENGTH (RAM))
                0x0000000000000200                _Min_Heap_Size = 0x200
                0x0000000000000400                _Min_Stack_Size = 0x400

.isr_vector     0x0000000008000000       0xc0
                0x0000000008000000                . = ALIGN (0x4)
 *(.isr_vector)
 .isr_vector    0x0000000008000000       0xc0 ./Core/Startup/startup_stm32l051k8tx.o
                0x0000000008000000                g_pfnVectors
                0x00000000080000c0                . = ALIGN (0x4)

.text           0x00000000080000c0     0x7240
                0x00000000080000c0                . = ALIGN (0x4)
 *(.text)
 .text          0x00000000080000c0       0x48 d:/st/stm32cubeide_1.8.0/stm32cubeide/plugins/com.st.stm32cube.ide.mcu.externaltools.gnu-tools-for-stm32.9-2020-q2-update.win32_2.0.0.202105311346/tools/bin/../lib/gcc/arm-none-eabi/9.3.1/thumb/v6-m/nofp/crtbegin.o
 .text          0x0000000008000108      0x114 d:/st/stm32cubeide_1.8.0/stm32cubeide/plugins/com.st.stm32cube.ide.mcu.externaltools.gnu-tools-for-stm32.9-2020-q2-update.win32_2.0.0.202105311346/tools/bin/../lib/gcc/arm-none-eabi/9.3.1/thumb/v6-m/nofp\libgcc.a(_udivsi3.o)
                0x0000000008000108                __aeabi_uidiv
                0x0000000008000108                __udivsi3
                0x0000000008000214                __aeabi_uidivmod
 .text          0x000000000800021c      0x1d4 d:/st/stm32cubeide_1.8.0/stm32cubeide/plugins/com.st.stm32cube.ide.mcu.externaltools.gnu-tools-for-stm32.9-2020-q2-update.win32_2.0.0.202105311346/tools/bin/../lib/gcc/arm-none-eabi/9.3.1/thumb/v6-m/nofp\libgcc.a(_divsi3.o)
                0x000000000800021c                __divsi3
                0x000000000800021c                __aeabi_idiv
                0x00000000080003e8                __aeabi_idivmod
 .text          0x00000000080003f0        0x4 d:/st/stm32cubeide_1.8.0/stm32cubeide/plugins/com.st.stm32cube.ide.mcu.externaltools.gnu-tools-for-stm32.9-2020-q2-update.win32_2.0.0.202105311346/tools/bin/../lib/gcc/arm-none-eabi/9.3.1/thumb/v6-m/nofp\libgcc.a(_dvmd_tls.o)
                0x00000000080003f0                __aeabi_idiv0
                0x00000000080003f0                __aeabi_ldiv0
 .text          0x00000000080003f4       0x7c d:/st/stm32cubeide_1.8.0/stm32cubeide/plugins/com.st.stm32cube.ide.mcu.externaltools.gnu-tools-for-stm32.9-2020-q2-update.win32_2.0.0.202105311346/tools/bin/../lib/gcc/arm-none-eabi/9.3.1/thumb/v6-m/nofp\libgcc.a(_arm_cmpdf2.o)
                0x00000000080003f4                __aeabi_cdrcmple
                0x0000000008000404                __aeabi_cdcmple
                0x0000000008000404                __aeabi_cdcmpeq
                0x0000000008000414                __aeabi_dcmpeq
                0x0000000008000420                __aeabi_dcmplt
                0x0000000008000434                __aeabi_dcmple
                0x0000000008000448                __aeabi_dcmpgt
                0x000000000800045c                __aeabi_dcmpge
 .text          0x0000000008000470       0x40 d:/st/stm32cubeide_1.8.0/stm32cubeide/plugins/com.st.stm32cube.ide.mcu.externaltools.gnu-tools-for-stm32.9-2020-q2-update.win32_2.0.0.202105311346/tools/bin/../lib/gcc/arm-none-eabi/9.3.1/thumb/v6-m/nofp\libgcc.a(_aeabi_uldivmod.o)
                0x0000000008000470                __aeabi_uldivmod
 .text          0x00000000080004b0       0x50 d:/st/stm32cubeide_1.8.0/stm32cubeide/plugins/com.st.stm32cube.ide.mcu.externaltools.gnu-tools-for-stm32.9-2020-q2-update.win32_2.0.0.202105311346/tools/bin/../lib/gcc/arm-none-eabi/9.3.1/thumb/v6-m/nofp\libgcc.a(_muldi3.o)
                0x00000000080004b0                __muldi3
                0x00000000080004b0                __aeabi_lmul
 .text          0x0000000008000500       0x3c d:/st/stm32cubeide_1.8.0/stm32cubeide/plugins/com.st.stm32cube.ide.mcu.externaltools.gnu-tools-for-stm32.9-2020-q2-update.win32_2.0.0.202105311346/tools/bin/../lib/gcc/arm-none-eabi/9.3.1/thumb/v6-m/nofp\libgcc.a(_fixunsdfsi.o)
                0x0000000008000500                __aeabi_d2uiz
                0x0000000008000500                __fixunsdfsi
 .text          0x000000000800053c      0x198 d:/st/stm32cubeide_1.8.0/stm32cubeide/plugins/com.st.stm32cube.ide.mcu.externaltools.gnu-tools-for-stm32.9-2020-q2-update.win32_2.0.0.202105311346/tools/bin/../lib/gcc/arm-none-eabi/9.3.1/thumb/v6-m/nofp\libgcc.a(_udivmoddi4.o)
                0x000000000800053c                __udivmoddi4
 .text          0x00000000080006d4      0x218 d:/st/stm32cubeide_1.8.0/stm32cubeide/plugins/com.st.stm32cube.ide.mcu.externaltools.gnu-tools-for-stm32.9-2020-q2-update.win32_2.0.0.202105311346/tools/bin/../lib/gcc/arm-none-eabi/9.3.1/thumb/v6-m/nofp\libgcc.a(divsf3.o)
                0x00000000080006d4                __aeabi_fdiv
 .text          0x00000000080008ec       0x8c d:/st/stm32cubeide_1.8.0/stm32cubeide/plugins/com.st.stm32cube.ide.mcu.externaltools.gnu-tools-for-stm32.9-2020-q2-update.win32_2.0.0.202105311346/tools/bin/../lib/gcc/arm-none-eabi/9.3.1/thumb/v6-m/nofp\libgcc.a(floatsisf.o)
                0x00000000080008ec                __aeabi_i2f
 .text          0x0000000008000978      0x6d4 d:/st/stm32cubeide_1.8.0/stm32cubeide/plugins/com.st.stm32cube.ide.mcu.externaltools.gnu-tools-for-stm32.9-2020-q2-update.win32_2.0.0.202105311346/tools/bin/../lib/gcc/arm-none-eabi/9.3.1/thumb/v6-m/nofp\libgcc.a(adddf3.o)
                0x0000000008000978                __aeabi_dadd
 .text          0x000000000800104c      0x5d0 d:/st/stm32cubeide_1.8.0/stm32cubeide/plugins/com.st.stm32cube.ide.mcu.externaltools.gnu-tools-for-stm32.9-2020-q2-update.win32_2.0.0.202105311346/tools/bin/../lib/gcc/arm-none-eabi/9.3.1/thumb/v6-m/nofp\libgcc.a(divdf3.o)
                0x000000000800104c                __aeabi_ddiv
 .text          0x000000000800161c       0x78 d:/st/stm32cubeide_1.8.0/stm32cubeide/plugins/com.st.stm32cube.ide.mcu.externaltools.gnu-tools-for-stm32.9-2020-q2-update.win32_2.0.0.202105311346/tools/bin/../lib/gcc/arm-none-eabi/9.3.1/thumb/v6-m/nofp\libgcc.a(eqdf2.o)
                0x000000000800161c                __nedf2
                0x000000000800161c                __eqdf2
 .text          0x0000000008001694       0xe4 d:/st/stm32cubeide_1.8.0/stm32cubeide/plugins/com.st.stm32cube.ide.mcu.externaltools.gnu-tools-for-stm32.9-2020-q2-update.win32_2.0.0.202105311346/tools/bin/../lib/gcc/arm-none-eabi/9.3.1/thumb/v6-m/nofp\libgcc.a(gedf2.o)
                0x0000000008001694                __gedf2
                0x0000000008001694                __gtdf2
 .text          0x0000000008001778       0xe0 d:/st/stm32cubeide_1.8.0/stm32cubeide/plugins/com.st.stm32cube.ide.mcu.externaltools.gnu-tools-for-stm32.9-2020-q2-update.win32_2.0.0.202105311346/tools/bin/../lib/gcc/arm-none-eabi/9.3.1/thumb/v6-m/nofp\libgcc.a(ledf2.o)
                0x0000000008001778                __ledf2
                0x0000000008001778                __ltdf2
 .text          0x0000000008001858      0x4d8 d:/st/stm32cubeide_1.8.0/stm32cubeide/plugins/com.st.stm32cube.ide.mcu.externaltools.gnu-tools-for-stm32.9-2020-q2-update.win32_2.0.0.202105311346/tools/bin/../lib/gcc/arm-none-eabi/9.3.1/thumb/v6-m/nofp\libgcc.a(muldf3.o)
                0x0000000008001858                __aeabi_dmul
 .text          0x0000000008001d30      0x724 d:/st/stm32cubeide_1.8.0/stm32cubeide/plugins/com.st.stm32cube.ide.mcu.externaltools.gnu-tools-for-stm32.9-2020-q2-update.win32_2.0.0.202105311346/tools/bin/../lib/gcc/arm-none-eabi/9.3.1/thumb/v6-m/nofp\libgcc.a(subdf3.o)
                0x0000000008001d30                __aeabi_dsub
 .text          0x0000000008002454       0x6c d:/st/stm32cubeide_1.8.0/stm32cubeide/plugins/com.st.stm32cube.ide.mcu.externaltools.gnu-tools-for-stm32.9-2020-q2-update.win32_2.0.0.202105311346/tools/bin/../lib/gcc/arm-none-eabi/9.3.1/thumb/v6-m/nofp\libgcc.a(fixdfsi.o)
                0x0000000008002454                __aeabi_d2iz
 .text          0x00000000080024c0       0x60 d:/st/stm32cubeide_1.8.0/stm32cubeide/plugins/com.st.stm32cube.ide.mcu.externaltools.gnu-tools-for-stm32.9-2020-q2-update.win32_2.0.0.202105311346/tools/bin/../lib/gcc/arm-none-eabi/9.3.1/thumb/v6-m/nofp\libgcc.a(floatsidf.o)
                0x00000000080024c0                __aeabi_i2d
 .text          0x0000000008002520       0x4c d:/st/stm32cubeide_1.8.0/stm32cubeide/plugins/com.st.stm32cube.ide.mcu.externaltools.gnu-tools-for-stm32.9-2020-q2-update.win32_2.0.0.202105311346/tools/bin/../lib/gcc/arm-none-eabi/9.3.1/thumb/v6-m/nofp\libgcc.a(floatunsidf.o)
                0x0000000008002520                __aeabi_ui2d
 .text          0x000000000800256c       0x90 d:/st/stm32cubeide_1.8.0/stm32cubeide/plugins/com.st.stm32cube.ide.mcu.externaltools.gnu-tools-for-stm32.9-2020-q2-update.win32_2.0.0.202105311346/tools/bin/../lib/gcc/arm-none-eabi/9.3.1/thumb/v6-m/nofp\libgcc.a(extendsfdf2.o)
                0x000000000800256c                __aeabi_f2d
 .text          0x00000000080025fc       0x3c d:/st/stm32cubeide_1.8.0/stm32cubeide/plugins/com.st.stm32cube.ide.mcu.externaltools.gnu-tools-for-stm32.9-2020-q2-update.win32_2.0.0.202105311346/tools/bin/../lib/gcc/arm-none-eabi/9.3.1/thumb/v6-m/nofp\libgcc.a(_clzsi2.o)
                0x00000000080025fc                __clzsi2
 .text          0x0000000008002638       0x18 d:/st/stm32cubeide_1.8.0/stm32cubeide/plugins/com.st.stm32cube.ide.mcu.externaltools.gnu-tools-for-stm32.9-2020-q2-update.win32_2.0.0.202105311346/tools/bin/../lib/gcc/arm-none-eabi/9.3.1/thumb/v6-m/nofp\libgcc.a(_clzdi2.o)
                0x0000000008002638                __clzdi2
 *(.text*)
 .text.MX_GPIO_Init
                0x0000000008002650       0x8c ./Core/Src/gpio.o
                0x0000000008002650                MX_GPIO_Init
 .text.MX_I2C1_Init
                0x00000000080026dc       0x80 ./Core/Src/i2c.o
                0x00000000080026dc                MX_I2C1_Init
 .text.HAL_I2C_MspInit
                0x000000000800275c       0x88 ./Core/Src/i2c.o
                0x000000000800275c                HAL_I2C_MspInit
 .text.main     0x00000000080027e4       0xe4 ./Core/Src/main.o
                0x00000000080027e4                main
 .text.SystemClock_Config
                0x00000000080028c8       0xe4 ./Core/Src/main.o
                0x00000000080028c8                SystemClock_Config
 .text.Error_Handler
                0x00000000080029ac        0xa ./Core/Src/main.o
                0x00000000080029ac                Error_Handler
 .text._out_null
                0x00000000080029b6       0x1c ./Core/Src/printf.o
 .text._out_char
                0x00000000080029d2       0x30 ./Core/Src/printf.o
 .text._strnlen_s
                0x0000000008002a02       0x36 ./Core/Src/printf.o
 .text._is_digit
                0x0000000008002a38       0x32 ./Core/Src/printf.o
 .text._atoi    0x0000000008002a6a       0x46 ./Core/Src/printf.o
 .text._out_rev
                0x0000000008002ab0       0x9a ./Core/Src/printf.o
 .text._ntoa_format
                0x0000000008002b4a      0x1ac ./Core/Src/printf.o
 .text._ntoa_long
                0x0000000008002cf6       0xd2 ./Core/Src/printf.o
 .text._ntoa_long_long
                0x0000000008002dc8       0xe6 ./Core/Src/printf.o
 *fill*         0x0000000008002eae        0x2 
 .text._ftoa    0x0000000008002eb0      0x47c ./Core/Src/printf.o
 .text._etoa    0x000000000800332c      0x574 ./Core/Src/printf.o
 .text._vsnprintf
                0x00000000080038a0      0x8a0 ./Core/Src/printf.o
 .text.printf_  0x0000000008004140       0x3c ./Core/Src/printf.o
                0x0000000008004140                printf_
 .text._putchar
                0x000000000800417c       0x44 ./Core/Src/printf.o
                0x000000000800417c                _putchar
 .text.sensirion_common_generate_crc
                0x00000000080041c0       0xac ./Core/Src/sensirion_common.o
                0x00000000080041c0                sensirion_common_generate_crc
 .text.sensirion_common_check_crc
                0x000000000800426c       0x42 ./Core/Src/sensirion_common.o
                0x000000000800426c                sensirion_common_check_crc
 .text.sensirion_fill_cmd_send_buf
                0x00000000080042ae      0x10a ./Core/Src/sensirion_common.o
                0x00000000080042ae                sensirion_fill_cmd_send_buf
 .text.sensirion_i2c_read_words_as_bytes
                0x00000000080043b8      0x10a ./Core/Src/sensirion_common.o
                0x00000000080043b8                sensirion_i2c_read_words_as_bytes
 .text.sensirion_i2c_read_words
                0x00000000080044c2       0x9e ./Core/Src/sensirion_common.o
                0x00000000080044c2                sensirion_i2c_read_words
 .text.sensirion_i2c_write_cmd
                0x0000000008004560       0x3c ./Core/Src/sensirion_common.o
                0x0000000008004560                sensirion_i2c_write_cmd
 .text.sensirion_i2c_init
                0x000000000800459c       0x80 ./Core/Src/sensirion_hw_i2c_implementation.o
                0x000000000800459c                sensirion_i2c_init
 .text.sensirion_i2c_read
                0x000000000800461c       0x40 ./Core/Src/sensirion_hw_i2c_implementation.o
                0x000000000800461c                sensirion_i2c_read
 .text.sensirion_i2c_write
                0x000000000800465c       0x40 ./Core/Src/sensirion_hw_i2c_implementation.o
                0x000000000800465c                sensirion_i2c_write
 .text.sensirion_sleep_usec
                0x000000000800469c       0x54 ./Core/Src/sensirion_hw_i2c_implementation.o
                0x000000000800469c                sensirion_sleep_usec
 .text.shtc1_measure_blocking_read
                0x00000000080046f0       0x4a ./Core/Src/shtc1.o
                0x00000000080046f0                shtc1_measure_blocking_read
 *fill*         0x000000000800473a        0x2 
 .text.shtc1_measure
                0x000000000800473c       0x20 ./Core/Src/shtc1.o
                0x000000000800473c                shtc1_measure
 .text.shtc1_read
                0x000000000800475c       0x60 ./Core/Src/shtc1.o
                0x000000000800475c                shtc1_read
 .text.HAL_MspInit
                0x00000000080047bc       0x28 ./Core/Src/stm32l0xx_hal_msp.o
                0x00000000080047bc                HAL_MspInit
 .text.NMI_Handler
                0x00000000080047e4        0x6 ./Core/Src/stm32l0xx_it.o
                0x00000000080047e4                NMI_Handler
 .text.HardFault_Handler
                0x00000000080047ea        0x6 ./Core/Src/stm32l0xx_it.o
                0x00000000080047ea                HardFault_Handler
 .text.SVC_Handler
                0x00000000080047f0        0xa ./Core/Src/stm32l0xx_it.o
                0x00000000080047f0                SVC_Handler
 .text.PendSV_Handler
                0x00000000080047fa        0xa ./Core/Src/stm32l0xx_it.o
                0x00000000080047fa                PendSV_Handler
 .text.SysTick_Handler
                0x0000000008004804        0xe ./Core/Src/stm32l0xx_it.o
                0x0000000008004804                SysTick_Handler
 .text.SystemInit
                0x0000000008004812        0xa ./Core/Src/system_stm32l0xx.o
                0x0000000008004812                SystemInit
 .text.MX_USART1_UART_Init
                0x000000000800481c       0x60 ./Core/Src/usart.o
                0x000000000800481c                MX_USART1_UART_Init
 .text.MX_USART2_UART_Init
                0x000000000800487c       0x60 ./Core/Src/usart.o
                0x000000000800487c                MX_USART2_UART_Init
 .text.HAL_UART_MspInit
                0x00000000080048dc       0xec ./Core/Src/usart.o
                0x00000000080048dc                HAL_UART_MspInit
 .text.Reset_Handler
                0x00000000080049c8       0x50 ./Core/Startup/startup_stm32l051k8tx.o
                0x00000000080049c8                Reset_Handler
 .text.Default_Handler
                0x0000000008004a18        0x2 ./Core/Startup/startup_stm32l051k8tx.o
                0x0000000008004a18                ADC1_COMP_IRQHandler
                0x0000000008004a18                TIM6_IRQHandler
                0x0000000008004a18                PVD_IRQHandler
                0x0000000008004a18                I2C1_IRQHandler
                0x0000000008004a18                SPI1_IRQHandler
                0x0000000008004a18                EXTI2_3_IRQHandler
                0x0000000008004a18                I2C2_IRQHandler
                0x0000000008004a18                RTC_IRQHandler
                0x0000000008004a18                DMA1_Channel4_5_6_7_IRQHandler
                0x0000000008004a18                EXTI4_15_IRQHandler
                0x0000000008004a18                RCC_IRQHandler
                0x0000000008004a18                DMA1_Channel1_IRQHandler
                0x0000000008004a18                Default_Handler
                0x0000000008004a18                TIM22_IRQHandler
                0x0000000008004a18                EXTI0_1_IRQHandler
                0x0000000008004a18                SPI2_IRQHandler
                0x0000000008004a18                TIM21_IRQHandler
                0x0000000008004a18                WWDG_IRQHandler
                0x0000000008004a18                LPUART1_IRQHandler
                0x0000000008004a18                TIM2_IRQHandler
                0x0000000008004a18                DMA1_Channel2_3_IRQHandler
                0x0000000008004a18                USART2_IRQHandler
                0x0000000008004a18                FLASH_IRQHandler
                0x0000000008004a18                USART1_IRQHandler
                0x0000000008004a18                LPTIM1_IRQHandler
 *fill*         0x0000000008004a1a        0x2 
 .text.HAL_Init
                0x0000000008004a1c       0x40 ./Drivers/STM32L0xx_HAL_Driver/Src/stm32l0xx_hal.o
                0x0000000008004a1c                HAL_Init
 .text.HAL_InitTick
                0x0000000008004a5c       0x68 ./Drivers/STM32L0xx_HAL_Driver/Src/stm32l0xx_hal.o
                0x0000000008004a5c                HAL_InitTick
 .text.HAL_IncTick
                0x0000000008004ac4       0x24 ./Drivers/STM32L0xx_HAL_Driver/Src/stm32l0xx_hal.o
                0x0000000008004ac4                HAL_IncTick
 .text.HAL_GetTick
                0x0000000008004ae8       0x14 ./Drivers/STM32L0xx_HAL_Driver/Src/stm32l0xx_hal.o
                0x0000000008004ae8                HAL_GetTick
 .text.HAL_Delay
                0x0000000008004afc       0x48 ./Drivers/STM32L0xx_HAL_Driver/Src/stm32l0xx_hal.o
                0x0000000008004afc                HAL_Delay
 .text.HAL_GetHalVersion
                0x0000000008004b44       0x10 ./Drivers/STM32L0xx_HAL_Driver/Src/stm32l0xx_hal.o
                0x0000000008004b44                HAL_GetHalVersion
 .text.__NVIC_SetPriority
                0x0000000008004b54       0xdc ./Drivers/STM32L0xx_HAL_Driver/Src/stm32l0xx_hal_cortex.o
 .text.SysTick_Config
                0x0000000008004c30       0x48 ./Drivers/STM32L0xx_HAL_Driver/Src/stm32l0xx_hal_cortex.o
 .text.HAL_NVIC_SetPriority
                0x0000000008004c78       0x2a ./Drivers/STM32L0xx_HAL_Driver/Src/stm32l0xx_hal_cortex.o
                0x0000000008004c78                HAL_NVIC_SetPriority
 .text.HAL_SYSTICK_Config
                0x0000000008004ca2       0x1a ./Drivers/STM32L0xx_HAL_Driver/Src/stm32l0xx_hal_cortex.o
                0x0000000008004ca2                HAL_SYSTICK_Config
 .text.HAL_GPIO_Init
                0x0000000008004cbc      0x2ec ./Drivers/STM32L0xx_HAL_Driver/Src/stm32l0xx_hal_gpio.o
                0x0000000008004cbc                HAL_GPIO_Init
 .text.HAL_GPIO_WritePin
                0x0000000008004fa8       0x3a ./Drivers/STM32L0xx_HAL_Driver/Src/stm32l0xx_hal_gpio.o
                0x0000000008004fa8                HAL_GPIO_WritePin
 *fill*         0x0000000008004fe2        0x2 
 .text.HAL_I2C_Init
                0x0000000008004fe4      0x12c ./Drivers/STM32L0xx_HAL_Driver/Src/stm32l0xx_hal_i2c.o
                0x0000000008004fe4                HAL_I2C_Init
 .text.HAL_I2C_Master_Transmit
                0x0000000008005110      0x210 ./Drivers/STM32L0xx_HAL_Driver/Src/stm32l0xx_hal_i2c.o
                0x0000000008005110                HAL_I2C_Master_Transmit
 .text.HAL_I2C_Master_Receive
                0x0000000008005320      0x210 ./Drivers/STM32L0xx_HAL_Driver/Src/stm32l0xx_hal_i2c.o
                0x0000000008005320                HAL_I2C_Master_Receive
 .text.I2C_Flush_TXDR
                0x0000000008005530       0x44 ./Drivers/STM32L0xx_HAL_Driver/Src/stm32l0xx_hal_i2c.o
 .text.I2C_WaitOnFlagUntilTimeout
                0x0000000008005574       0x7e ./Drivers/STM32L0xx_HAL_Driver/Src/stm32l0xx_hal_i2c.o
 .text.I2C_WaitOnTXISFlagUntilTimeout
                0x00000000080055f2       0x7e ./Drivers/STM32L0xx_HAL_Driver/Src/stm32l0xx_hal_i2c.o
 .text.I2C_WaitOnSTOPFlagUntilTimeout
                0x0000000008005670       0x78 ./Drivers/STM32L0xx_HAL_Driver/Src/stm32l0xx_hal_i2c.o
 .text.I2C_WaitOnRXNEFlagUntilTimeout
                0x00000000080056e8       0xd8 ./Drivers/STM32L0xx_HAL_Driver/Src/stm32l0xx_hal_i2c.o
 .text.I2C_IsAcknowledgeFailed
                0x00000000080057c0       0xf4 ./Drivers/STM32L0xx_HAL_Driver/Src/stm32l0xx_hal_i2c.o
 .text.I2C_TransferConfig
                0x00000000080058b4       0x6c ./Drivers/STM32L0xx_HAL_Driver/Src/stm32l0xx_hal_i2c.o
 .text.HAL_I2CEx_ConfigAnalogFilter
                0x0000000008005920       0x98 ./Drivers/STM32L0xx_HAL_Driver/Src/stm32l0xx_hal_i2c_ex.o
                0x0000000008005920                HAL_I2CEx_ConfigAnalogFilter
 .text.HAL_I2CEx_ConfigDigitalFilter
                0x00000000080059b8       0x98 ./Drivers/STM32L0xx_HAL_Driver/Src/stm32l0xx_hal_i2c_ex.o
                0x00000000080059b8                HAL_I2CEx_ConfigDigitalFilter
 .text.HAL_RCC_OscConfig
                0x0000000008005a50      0x6d4 ./Drivers/STM32L0xx_HAL_Driver/Src/stm32l0xx_hal_rcc.o
                0x0000000008005a50                HAL_RCC_OscConfig
 .text.HAL_RCC_ClockConfig
                0x0000000008006124      0x290 ./Drivers/STM32L0xx_HAL_Driver/Src/stm32l0xx_hal_rcc.o
                0x0000000008006124                HAL_RCC_ClockConfig
 .text.HAL_RCC_GetSysClockFreq
                0x00000000080063b4      0x14c ./Drivers/STM32L0xx_HAL_Driver/Src/stm32l0xx_hal_rcc.o
                0x00000000080063b4                HAL_RCC_GetSysClockFreq
 .text.HAL_RCC_GetHCLKFreq
                0x0000000008006500       0x14 ./Drivers/STM32L0xx_HAL_Driver/Src/stm32l0xx_hal_rcc.o
                0x0000000008006500                HAL_RCC_GetHCLKFreq
 .text.HAL_RCC_GetPCLK1Freq
                0x0000000008006514       0x2c ./Drivers/STM32L0xx_HAL_Driver/Src/stm32l0xx_hal_rcc.o
                0x0000000008006514                HAL_RCC_GetPCLK1Freq
 .text.HAL_RCC_GetPCLK2Freq
                0x0000000008006540       0x2c ./Drivers/STM32L0xx_HAL_Driver/Src/stm32l0xx_hal_rcc.o
                0x0000000008006540                HAL_RCC_GetPCLK2Freq
 .text.HAL_RCCEx_PeriphCLKConfig
                0x000000000800656c      0x26c ./Drivers/STM32L0xx_HAL_Driver/Src/stm32l0xx_hal_rcc_ex.o
                0x000000000800656c                HAL_RCCEx_PeriphCLKConfig
 .text.HAL_UART_Init
                0x00000000080067d8       0xa8 ./Drivers/STM32L0xx_HAL_Driver/Src/stm32l0xx_hal_uart.o
                0x00000000080067d8                HAL_UART_Init
 .text.HAL_UART_Transmit
                0x0000000008006880      0x150 ./Drivers/STM32L0xx_HAL_Driver/Src/stm32l0xx_hal_uart.o
                0x0000000008006880                HAL_UART_Transmit
 .text.UART_SetConfig
                0x00000000080069d0      0x540 ./Drivers/STM32L0xx_HAL_Driver/Src/stm32l0xx_hal_uart.o
                0x00000000080069d0                UART_SetConfig
 .text.UART_AdvFeatureConfig
                0x0000000008006f10      0x168 ./Drivers/STM32L0xx_HAL_Driver/Src/stm32l0xx_hal_uart.o
                0x0000000008006f10                UART_AdvFeatureConfig
 .text.UART_CheckIdleState
                0x0000000008007078       0x90 ./Drivers/STM32L0xx_HAL_Driver/Src/stm32l0xx_hal_uart.o
                0x0000000008007078                UART_CheckIdleState
 .text.UART_WaitOnFlagUntilTimeout
                0x0000000008007108      0x188 ./Drivers/STM32L0xx_HAL_Driver/Src/stm32l0xx_hal_uart.o
                0x0000000008007108                UART_WaitOnFlagUntilTimeout
 .text.__libc_init_array
                0x0000000008007290       0x48 d:/st/stm32cubeide_1.8.0/stm32cubeide/plugins/com.st.stm32cube.ide.mcu.externaltools.gnu-tools-for-stm32.9-2020-q2-update.win32_2.0.0.202105311346/tools/bin/../lib/gcc/arm-none-eabi/9.3.1/../../../../arm-none-eabi/lib/thumb/v6-m/nofp\libc_nano.a(lib_a-init.o)
                0x0000000008007290                __libc_init_array
 .text.memset   0x00000000080072d8       0x10 d:/st/stm32cubeide_1.8.0/stm32cubeide/plugins/com.st.stm32cube.ide.mcu.externaltools.gnu-tools-for-stm32.9-2020-q2-update.win32_2.0.0.202105311346/tools/bin/../lib/gcc/arm-none-eabi/9.3.1/../../../../arm-none-eabi/lib/thumb/v6-m/nofp\libc_nano.a(lib_a-memset.o)
                0x00000000080072d8                memset
 *(.glue_7)
 .glue_7        0x00000000080072e8        0x0 linker stubs
 *(.glue_7t)
 .glue_7t       0x00000000080072e8        0x0 linker stubs
 *(.eh_frame)
 .eh_frame      0x00000000080072e8        0x0 d:/st/stm32cubeide_1.8.0/stm32cubeide/plugins/com.st.stm32cube.ide.mcu.externaltools.gnu-tools-for-stm32.9-2020-q2-update.win32_2.0.0.202105311346/tools/bin/../lib/gcc/arm-none-eabi/9.3.1/thumb/v6-m/nofp/crtbegin.o
 *(.init)
 .init          0x00000000080072e8        0x4 d:/st/stm32cubeide_1.8.0/stm32cubeide/plugins/com.st.stm32cube.ide.mcu.externaltools.gnu-tools-for-stm32.9-2020-q2-update.win32_2.0.0.202105311346/tools/bin/../lib/gcc/arm-none-eabi/9.3.1/thumb/v6-m/nofp/crti.o
                0x00000000080072e8                _init
 .init          0x00000000080072ec        0x8 d:/st/stm32cubeide_1.8.0/stm32cubeide/plugins/com.st.stm32cube.ide.mcu.externaltools.gnu-tools-for-stm32.9-2020-q2-update.win32_2.0.0.202105311346/tools/bin/../lib/gcc/arm-none-eabi/9.3.1/thumb/v6-m/nofp/crtn.o
 *(.fini)
 .fini          0x00000000080072f4        0x4 d:/st/stm32cubeide_1.8.0/stm32cubeide/plugins/com.st.stm32cube.ide.mcu.externaltools.gnu-tools-for-stm32.9-2020-q2-update.win32_2.0.0.202105311346/tools/bin/../lib/gcc/arm-none-eabi/9.3.1/thumb/v6-m/nofp/crti.o
                0x00000000080072f4                _fini
 .fini          0x00000000080072f8        0x8 d:/st/stm32cubeide_1.8.0/stm32cubeide/plugins/com.st.stm32cube.ide.mcu.externaltools.gnu-tools-for-stm32.9-2020-q2-update.win32_2.0.0.202105311346/tools/bin/../lib/gcc/arm-none-eabi/9.3.1/thumb/v6-m/nofp/crtn.o
                0x0000000008007300                . = ALIGN (0x4)
                0x0000000008007300                _etext = .

.vfp11_veneer   0x0000000008007300        0x0
 .vfp11_veneer  0x0000000008007300        0x0 linker stubs

.v4_bx          0x0000000008007300        0x0
 .v4_bx         0x0000000008007300        0x0 linker stubs

.iplt           0x0000000008007300        0x0
 .iplt          0x0000000008007300        0x0 d:/st/stm32cubeide_1.8.0/stm32cubeide/plugins/com.st.stm32cube.ide.mcu.externaltools.gnu-tools-for-stm32.9-2020-q2-update.win32_2.0.0.202105311346/tools/bin/../lib/gcc/arm-none-eabi/9.3.1/thumb/v6-m/nofp/crtbegin.o

.rodata         0x0000000008007300      0x434
                0x0000000008007300                . = ALIGN (0x4)
 *(.rodata)
 .rodata        0x0000000008007300       0x7b ./Core/Src/main.o
 *fill*         0x000000000800737b        0x1 
 .rodata        0x000000000800737c       0x18 ./Core/Src/printf.o
 .rodata        0x0000000008007394       0x80 d:/st/stm32cubeide_1.8.0/stm32cubeide/plugins/com.st.stm32cube.ide.mcu.externaltools.gnu-tools-for-stm32.9-2020-q2-update.win32_2.0.0.202105311346/tools/bin/../lib/gcc/arm-none-eabi/9.3.1/thumb/v6-m/nofp\libgcc.a(divsf3.o)
 .rodata        0x0000000008007414       0x40 d:/st/stm32cubeide_1.8.0/stm32cubeide/plugins/com.st.stm32cube.ide.mcu.externaltools.gnu-tools-for-stm32.9-2020-q2-update.win32_2.0.0.202105311346/tools/bin/../lib/gcc/arm-none-eabi/9.3.1/thumb/v6-m/nofp\libgcc.a(divdf3.o)
 .rodata        0x0000000008007454       0x40 d:/st/stm32cubeide_1.8.0/stm32cubeide/plugins/com.st.stm32cube.ide.mcu.externaltools.gnu-tools-for-stm32.9-2020-q2-update.win32_2.0.0.202105311346/tools/bin/../lib/gcc/arm-none-eabi/9.3.1/thumb/v6-m/nofp\libgcc.a(muldf3.o)
 *(.rodata*)
 .rodata._vsnprintf
                0x0000000008007494      0x1e0 ./Core/Src/printf.o
 *fill*         0x0000000008007674        0x4 
 .rodata.pow10.5956
                0x0000000008007678       0x50 ./Core/Src/printf.o
 .rodata.AHBPrescTable
                0x00000000080076c8       0x10 ./Core/Src/system_stm32l0xx.o
                0x00000000080076c8                AHBPrescTable
 .rodata.APBPrescTable
                0x00000000080076d8        0x8 ./Core/Src/system_stm32l0xx.o
                0x00000000080076d8                APBPrescTable
 .rodata.PLLMulTable
                0x00000000080076e0        0x9 ./Core/Src/system_stm32l0xx.o
                0x00000000080076e0                PLLMulTable
 *fill*         0x00000000080076e9        0x3 
 .rodata.UART_SetConfig
                0x00000000080076ec       0x48 ./Drivers/STM32L0xx_HAL_Driver/Src/stm32l0xx_hal_uart.o
                0x0000000008007734                . = ALIGN (0x4)

.ARM.extab      0x0000000008007734        0x0
                0x0000000008007734                . = ALIGN (0x4)
 *(.ARM.extab* .gnu.linkonce.armextab.*)
                0x0000000008007734                . = ALIGN (0x4)

.ARM            0x0000000008007734        0x8
                0x0000000008007734                . = ALIGN (0x4)
                0x0000000008007734                __exidx_start = .
 *(.ARM.exidx*)
 .ARM.exidx     0x0000000008007734        0x8 d:/st/stm32cubeide_1.8.0/stm32cubeide/plugins/com.st.stm32cube.ide.mcu.externaltools.gnu-tools-for-stm32.9-2020-q2-update.win32_2.0.0.202105311346/tools/bin/../lib/gcc/arm-none-eabi/9.3.1/thumb/v6-m/nofp\libgcc.a(_udivmoddi4.o)
                0x000000000800773c                __exidx_end = .
                0x000000000800773c                . = ALIGN (0x4)

.rel.dyn        0x000000000800773c        0x0
 .rel.iplt      0x000000000800773c        0x0 d:/st/stm32cubeide_1.8.0/stm32cubeide/plugins/com.st.stm32cube.ide.mcu.externaltools.gnu-tools-for-stm32.9-2020-q2-update.win32_2.0.0.202105311346/tools/bin/../lib/gcc/arm-none-eabi/9.3.1/thumb/v6-m/nofp/crtbegin.o

.preinit_array  0x000000000800773c        0x0
                0x000000000800773c                . = ALIGN (0x4)
                0x000000000800773c                PROVIDE (__preinit_array_start = .)
 *(.preinit_array*)
                0x000000000800773c                PROVIDE (__preinit_array_end = .)
                0x000000000800773c                . = ALIGN (0x4)

.init_array     0x000000000800773c        0x4
                0x000000000800773c                . = ALIGN (0x4)
                0x000000000800773c                PROVIDE (__init_array_start = .)
 *(SORT_BY_NAME(.init_array.*))
 *(.init_array*)
 .init_array    0x000000000800773c        0x4 d:/st/stm32cubeide_1.8.0/stm32cubeide/plugins/com.st.stm32cube.ide.mcu.externaltools.gnu-tools-for-stm32.9-2020-q2-update.win32_2.0.0.202105311346/tools/bin/../lib/gcc/arm-none-eabi/9.3.1/thumb/v6-m/nofp/crtbegin.o
                0x0000000008007740                PROVIDE (__init_array_end = .)
                0x0000000008007740                . = ALIGN (0x4)

.fini_array     0x0000000008007740        0x4
                0x0000000008007740                . = ALIGN (0x4)
                [!provide]                        PROVIDE (__fini_array_start = .)
 *(SORT_BY_NAME(.fini_array.*))
 *(.fini_array*)
 .fini_array    0x0000000008007740        0x4 d:/st/stm32cubeide_1.8.0/stm32cubeide/plugins/com.st.stm32cube.ide.mcu.externaltools.gnu-tools-for-stm32.9-2020-q2-update.win32_2.0.0.202105311346/tools/bin/../lib/gcc/arm-none-eabi/9.3.1/thumb/v6-m/nofp/crtbegin.o
                [!provide]                        PROVIDE (__fini_array_end = .)
                0x0000000008007744                . = ALIGN (0x4)
                0x0000000008007744                _sidata = LOADADDR (.data)

.data           0x0000000020000000       0x10 load address 0x0000000008007744
                0x0000000020000000                . = ALIGN (0x4)
                0x0000000020000000                _sdata = .
 *(.data)
 *(.data*)
 .data.shtc1_cmd_measure
                0x0000000020000000        0x2 ./Core/Src/shtc1.o
 *fill*         0x0000000020000002        0x2 
 .data.SystemCoreClock
                0x0000000020000004        0x4 ./Core/Src/system_stm32l0xx.o
                0x0000000020000004                SystemCoreClock
 .data.uwTickPrio
                0x0000000020000008        0x4 ./Drivers/STM32L0xx_HAL_Driver/Src/stm32l0xx_hal.o
                0x0000000020000008                uwTickPrio
 .data.uwTickFreq
                0x000000002000000c        0x1 ./Drivers/STM32L0xx_HAL_Driver/Src/stm32l0xx_hal.o
                0x000000002000000c                uwTickFreq
 *(.RamFunc)
 *(.RamFunc*)
                0x0000000020000010                . = ALIGN (0x4)
 *fill*         0x000000002000000d        0x3 
                0x0000000020000010                _edata = .

.igot.plt       0x0000000020000010        0x0 load address 0x0000000008007754
 .igot.plt      0x0000000020000010        0x0 d:/st/stm32cubeide_1.8.0/stm32cubeide/plugins/com.st.stm32cube.ide.mcu.externaltools.gnu-tools-for-stm32.9-2020-q2-update.win32_2.0.0.202105311346/tools/bin/../lib/gcc/arm-none-eabi/9.3.1/thumb/v6-m/nofp/crtbegin.o
                0x0000000020000010                . = ALIGN (0x4)

.bss            0x0000000020000010      0x1dc load address 0x0000000008007754
                0x0000000020000010                _sbss = .
                0x0000000020000010                __bss_start__ = _sbss
 *(.bss)
 .bss           0x0000000020000010       0x1c d:/st/stm32cubeide_1.8.0/stm32cubeide/plugins/com.st.stm32cube.ide.mcu.externaltools.gnu-tools-for-stm32.9-2020-q2-update.win32_2.0.0.202105311346/tools/bin/../lib/gcc/arm-none-eabi/9.3.1/thumb/v6-m/nofp/crtbegin.o
 *(.bss*)
 .bss.hi2c1     0x000000002000002c       0x4c ./Core/Src/sensirion_hw_i2c_implementation.o
 *(COMMON)
 COMMON         0x0000000020000078       0x4c ./Core/Src/i2c.o
                0x0000000020000078                hi2c1
 COMMON         0x00000000200000c4       0x1c ./Core/Src/main.o
                0x00000000200000c4                pm10
                0x00000000200000c8                pm2
                0x00000000200000cc                time_is_runing
                0x00000000200000d0                resultUartSet
                0x00000000200000d4                resultStartMeasure
                0x00000000200000d8                resultRead
                0x00000000200000dc                resultStopMeasure
 COMMON         0x00000000200000e0      0x108 ./Core/Src/usart.o
                0x00000000200000e0                huart1
                0x0000000020000164                huart2
 COMMON         0x00000000200001e8        0x4 ./Drivers/STM32L0xx_HAL_Driver/Src/stm32l0xx_hal.o
                0x00000000200001e8                uwTick
                0x00000000200001ec                . = ALIGN (0x4)
                0x00000000200001ec                _ebss = .
                0x00000000200001ec                __bss_end__ = _ebss

._user_heap_stack
                0x00000000200001ec      0x604 load address 0x0000000008007754
                0x00000000200001f0                . = ALIGN (0x8)
 *fill*         0x00000000200001ec        0x4 
                [!provide]                        PROVIDE (end = .)
                0x00000000200001f0                PROVIDE (_end = .)
                0x00000000200003f0                . = (. + _Min_Heap_Size)
 *fill*         0x00000000200001f0      0x200 
                0x00000000200007f0                . = (. + _Min_Stack_Size)
 *fill*         0x00000000200003f0      0x400 
                0x00000000200007f0                . = ALIGN (0x8)

/DISCARD/
 libc.a(*)
 libm.a(*)
 libgcc.a(*)

.ARM.attributes
                0x0000000000000000       0x28
 *(.ARM.attributes)
 .ARM.attributes
                0x0000000000000000       0x1e d:/st/stm32cubeide_1.8.0/stm32cubeide/plugins/com.st.stm32cube.ide.mcu.externaltools.gnu-tools-for-stm32.9-2020-q2-update.win32_2.0.0.202105311346/tools/bin/../lib/gcc/arm-none-eabi/9.3.1/thumb/v6-m/nofp/crti.o
 .ARM.attributes
                0x000000000000001e       0x2c d:/st/stm32cubeide_1.8.0/stm32cubeide/plugins/com.st.stm32cube.ide.mcu.externaltools.gnu-tools-for-stm32.9-2020-q2-update.win32_2.0.0.202105311346/tools/bin/../lib/gcc/arm-none-eabi/9.3.1/thumb/v6-m/nofp/crtbegin.o
 .ARM.attributes
                0x000000000000004a       0x2c ./Core/Src/gpio.o
 .ARM.attributes
                0x0000000000000076       0x2c ./Core/Src/i2c.o
 .ARM.attributes
                0x00000000000000a2       0x2c ./Core/Src/main.o
 .ARM.attributes
                0x00000000000000ce       0x2c ./Core/Src/printf.o
 .ARM.attributes
                0x00000000000000fa       0x2c ./Core/Src/sensirion_common.o
 .ARM.attributes
                0x0000000000000126       0x2c ./Core/Src/sensirion_hw_i2c_implementation.o
 .ARM.attributes
                0x0000000000000152       0x2c ./Core/Src/shtc1.o
 .ARM.attributes
                0x000000000000017e       0x2c ./Core/Src/stm32l0xx_hal_msp.o
 .ARM.attributes
                0x00000000000001aa       0x2c ./Core/Src/stm32l0xx_it.o
 .ARM.attributes
                0x00000000000001d6       0x2c ./Core/Src/system_stm32l0xx.o
 .ARM.attributes
                0x0000000000000202       0x2c ./Core/Src/usart.o
 .ARM.attributes
                0x000000000000022e       0x22 ./Core/Startup/startup_stm32l051k8tx.o
 .ARM.attributes
                0x0000000000000250       0x2c ./Drivers/STM32L0xx_HAL_Driver/Src/stm32l0xx_hal.o
 .ARM.attributes
                0x000000000000027c       0x2c ./Drivers/STM32L0xx_HAL_Driver/Src/stm32l0xx_hal_cortex.o
 .ARM.attributes
                0x00000000000002a8       0x2c ./Drivers/STM32L0xx_HAL_Driver/Src/stm32l0xx_hal_gpio.o
 .ARM.attributes
                0x00000000000002d4       0x2c ./Drivers/STM32L0xx_HAL_Driver/Src/stm32l0xx_hal_i2c.o
 .ARM.attributes
                0x0000000000000300       0x2c ./Drivers/STM32L0xx_HAL_Driver/Src/stm32l0xx_hal_i2c_ex.o
 .ARM.attributes
                0x000000000000032c       0x2c ./Drivers/STM32L0xx_HAL_Driver/Src/stm32l0xx_hal_rcc.o
 .ARM.attributes
                0x0000000000000358       0x2c ./Drivers/STM32L0xx_HAL_Driver/Src/stm32l0xx_hal_rcc_ex.o
 .ARM.attributes
                0x0000000000000384       0x2c ./Drivers/STM32L0xx_HAL_Driver/Src/stm32l0xx_hal_uart.o
 .ARM.attributes
                0x00000000000003b0       0x2c d:/st/stm32cubeide_1.8.0/stm32cubeide/plugins/com.st.stm32cube.ide.mcu.externaltools.gnu-tools-for-stm32.9-2020-q2-update.win32_2.0.0.202105311346/tools/bin/../lib/gcc/arm-none-eabi/9.3.1/../../../../arm-none-eabi/lib/thumb/v6-m/nofp\libc_nano.a(lib_a-init.o)
 .ARM.attributes
                0x00000000000003dc       0x2c d:/st/stm32cubeide_1.8.0/stm32cubeide/plugins/com.st.stm32cube.ide.mcu.externaltools.gnu-tools-for-stm32.9-2020-q2-update.win32_2.0.0.202105311346/tools/bin/../lib/gcc/arm-none-eabi/9.3.1/../../../../arm-none-eabi/lib/thumb/v6-m/nofp\libc_nano.a(lib_a-memset.o)
 .ARM.attributes
                0x0000000000000408       0x1e d:/st/stm32cubeide_1.8.0/stm32cubeide/plugins/com.st.stm32cube.ide.mcu.externaltools.gnu-tools-for-stm32.9-2020-q2-update.win32_2.0.0.202105311346/tools/bin/../lib/gcc/arm-none-eabi/9.3.1/thumb/v6-m/nofp\libgcc.a(_udivsi3.o)
 .ARM.attributes
                0x0000000000000426       0x1e d:/st/stm32cubeide_1.8.0/stm32cubeide/plugins/com.st.stm32cube.ide.mcu.externaltools.gnu-tools-for-stm32.9-2020-q2-update.win32_2.0.0.202105311346/tools/bin/../lib/gcc/arm-none-eabi/9.3.1/thumb/v6-m/nofp\libgcc.a(_divsi3.o)
 .ARM.attributes
                0x0000000000000444       0x1e d:/st/stm32cubeide_1.8.0/stm32cubeide/plugins/com.st.stm32cube.ide.mcu.externaltools.gnu-tools-for-stm32.9-2020-q2-update.win32_2.0.0.202105311346/tools/bin/../lib/gcc/arm-none-eabi/9.3.1/thumb/v6-m/nofp\libgcc.a(_dvmd_tls.o)
 .ARM.attributes
                0x0000000000000462       0x1e d:/st/stm32cubeide_1.8.0/stm32cubeide/plugins/com.st.stm32cube.ide.mcu.externaltools.gnu-tools-for-stm32.9-2020-q2-update.win32_2.0.0.202105311346/tools/bin/../lib/gcc/arm-none-eabi/9.3.1/thumb/v6-m/nofp\libgcc.a(_arm_cmpdf2.o)
 .ARM.attributes
                0x0000000000000480       0x1e d:/st/stm32cubeide_1.8.0/stm32cubeide/plugins/com.st.stm32cube.ide.mcu.externaltools.gnu-tools-for-stm32.9-2020-q2-update.win32_2.0.0.202105311346/tools/bin/../lib/gcc/arm-none-eabi/9.3.1/thumb/v6-m/nofp\libgcc.a(_aeabi_uldivmod.o)
 .ARM.attributes
                0x000000000000049e       0x2c d:/st/stm32cubeide_1.8.0/stm32cubeide/plugins/com.st.stm32cube.ide.mcu.externaltools.gnu-tools-for-stm32.9-2020-q2-update.win32_2.0.0.202105311346/tools/bin/../lib/gcc/arm-none-eabi/9.3.1/thumb/v6-m/nofp\libgcc.a(_muldi3.o)
 .ARM.attributes
                0x00000000000004ca       0x2c d:/st/stm32cubeide_1.8.0/stm32cubeide/plugins/com.st.stm32cube.ide.mcu.externaltools.gnu-tools-for-stm32.9-2020-q2-update.win32_2.0.0.202105311346/tools/bin/../lib/gcc/arm-none-eabi/9.3.1/thumb/v6-m/nofp\libgcc.a(_fixunsdfsi.o)
 .ARM.attributes
                0x00000000000004f6       0x2c d:/st/stm32cubeide_1.8.0/stm32cubeide/plugins/com.st.stm32cube.ide.mcu.externaltools.gnu-tools-for-stm32.9-2020-q2-update.win32_2.0.0.202105311346/tools/bin/../lib/gcc/arm-none-eabi/9.3.1/thumb/v6-m/nofp\libgcc.a(_udivmoddi4.o)
 .ARM.attributes
                0x0000000000000522       0x2c d:/st/stm32cubeide_1.8.0/stm32cubeide/plugins/com.st.stm32cube.ide.mcu.externaltools.gnu-tools-for-stm32.9-2020-q2-update.win32_2.0.0.202105311346/tools/bin/../lib/gcc/arm-none-eabi/9.3.1/thumb/v6-m/nofp\libgcc.a(divsf3.o)
 .ARM.attributes
                0x000000000000054e       0x2c d:/st/stm32cubeide_1.8.0/stm32cubeide/plugins/com.st.stm32cube.ide.mcu.externaltools.gnu-tools-for-stm32.9-2020-q2-update.win32_2.0.0.202105311346/tools/bin/../lib/gcc/arm-none-eabi/9.3.1/thumb/v6-m/nofp\libgcc.a(floatsisf.o)
 .ARM.attributes
                0x000000000000057a       0x2c d:/st/stm32cubeide_1.8.0/stm32cubeide/plugins/com.st.stm32cube.ide.mcu.externaltools.gnu-tools-for-stm32.9-2020-q2-update.win32_2.0.0.202105311346/tools/bin/../lib/gcc/arm-none-eabi/9.3.1/thumb/v6-m/nofp\libgcc.a(adddf3.o)
 .ARM.attributes
                0x00000000000005a6       0x2c d:/st/stm32cubeide_1.8.0/stm32cubeide/plugins/com.st.stm32cube.ide.mcu.externaltools.gnu-tools-for-stm32.9-2020-q2-update.win32_2.0.0.202105311346/tools/bin/../lib/gcc/arm-none-eabi/9.3.1/thumb/v6-m/nofp\libgcc.a(divdf3.o)
 .ARM.attributes
                0x00000000000005d2       0x2c d:/st/stm32cubeide_1.8.0/stm32cubeide/plugins/com.st.stm32cube.ide.mcu.externaltools.gnu-tools-for-stm32.9-2020-q2-update.win32_2.0.0.202105311346/tools/bin/../lib/gcc/arm-none-eabi/9.3.1/thumb/v6-m/nofp\libgcc.a(eqdf2.o)
 .ARM.attributes
                0x00000000000005fe       0x2c d:/st/stm32cubeide_1.8.0/stm32cubeide/plugins/com.st.stm32cube.ide.mcu.externaltools.gnu-tools-for-stm32.9-2020-q2-update.win32_2.0.0.202105311346/tools/bin/../lib/gcc/arm-none-eabi/9.3.1/thumb/v6-m/nofp\libgcc.a(gedf2.o)
 .ARM.attributes
                0x000000000000062a       0x2c d:/st/stm32cubeide_1.8.0/stm32cubeide/plugins/com.st.stm32cube.ide.mcu.externaltools.gnu-tools-for-stm32.9-2020-q2-update.win32_2.0.0.202105311346/tools/bin/../lib/gcc/arm-none-eabi/9.3.1/thumb/v6-m/nofp\libgcc.a(ledf2.o)
 .ARM.attributes
                0x0000000000000656       0x2c d:/st/stm32cubeide_1.8.0/stm32cubeide/plugins/com.st.stm32cube.ide.mcu.externaltools.gnu-tools-for-stm32.9-2020-q2-update.win32_2.0.0.202105311346/tools/bin/../lib/gcc/arm-none-eabi/9.3.1/thumb/v6-m/nofp\libgcc.a(muldf3.o)
 .ARM.attributes
                0x0000000000000682       0x2c d:/st/stm32cubeide_1.8.0/stm32cubeide/plugins/com.st.stm32cube.ide.mcu.externaltools.gnu-tools-for-stm32.9-2020-q2-update.win32_2.0.0.202105311346/tools/bin/../lib/gcc/arm-none-eabi/9.3.1/thumb/v6-m/nofp\libgcc.a(subdf3.o)
 .ARM.attributes
                0x00000000000006ae       0x2c d:/st/stm32cubeide_1.8.0/stm32cubeide/plugins/com.st.stm32cube.ide.mcu.externaltools.gnu-tools-for-stm32.9-2020-q2-update.win32_2.0.0.202105311346/tools/bin/../lib/gcc/arm-none-eabi/9.3.1/thumb/v6-m/nofp\libgcc.a(fixdfsi.o)
 .ARM.attributes
                0x00000000000006da       0x2c d:/st/stm32cubeide_1.8.0/stm32cubeide/plugins/com.st.stm32cube.ide.mcu.externaltools.gnu-tools-for-stm32.9-2020-q2-update.win32_2.0.0.202105311346/tools/bin/../lib/gcc/arm-none-eabi/9.3.1/thumb/v6-m/nofp\libgcc.a(floatsidf.o)
 .ARM.attributes
                0x0000000000000706       0x2c d:/st/stm32cubeide_1.8.0/stm32cubeide/plugins/com.st.stm32cube.ide.mcu.externaltools.gnu-tools-for-stm32.9-2020-q2-update.win32_2.0.0.202105311346/tools/bin/../lib/gcc/arm-none-eabi/9.3.1/thumb/v6-m/nofp\libgcc.a(floatunsidf.o)
 .ARM.attributes
                0x0000000000000732       0x2c d:/st/stm32cubeide_1.8.0/stm32cubeide/plugins/com.st.stm32cube.ide.mcu.externaltools.gnu-tools-for-stm32.9-2020-q2-update.win32_2.0.0.202105311346/tools/bin/../lib/gcc/arm-none-eabi/9.3.1/thumb/v6-m/nofp\libgcc.a(extendsfdf2.o)
 .ARM.attributes
                0x000000000000075e       0x1e d:/st/stm32cubeide_1.8.0/stm32cubeide/plugins/com.st.stm32cube.ide.mcu.externaltools.gnu-tools-for-stm32.9-2020-q2-update.win32_2.0.0.202105311346/tools/bin/../lib/gcc/arm-none-eabi/9.3.1/thumb/v6-m/nofp\libgcc.a(_clzsi2.o)
 .ARM.attributes
                0x000000000000077c       0x1e d:/st/stm32cubeide_1.8.0/stm32cubeide/plugins/com.st.stm32cube.ide.mcu.externaltools.gnu-tools-for-stm32.9-2020-q2-update.win32_2.0.0.202105311346/tools/bin/../lib/gcc/arm-none-eabi/9.3.1/thumb/v6-m/nofp\libgcc.a(_clzdi2.o)
 .ARM.attributes
                0x000000000000079a       0x1e d:/st/stm32cubeide_1.8.0/stm32cubeide/plugins/com.st.stm32cube.ide.mcu.externaltools.gnu-tools-for-stm32.9-2020-q2-update.win32_2.0.0.202105311346/tools/bin/../lib/gcc/arm-none-eabi/9.3.1/thumb/v6-m/nofp/crtn.o
OUTPUT(R-CUBE_revCubeIDE.elf elf32-littlearm)
LOAD linker stubs
LOAD d:/st/stm32cubeide_1.8.0/stm32cubeide/plugins/com.st.stm32cube.ide.mcu.externaltools.gnu-tools-for-stm32.9-2020-q2-update.win32_2.0.0.202105311346/tools/bin/../lib/gcc/arm-none-eabi/9.3.1/../../../../arm-none-eabi/lib/thumb/v6-m/nofp\libc.a
LOAD d:/st/stm32cubeide_1.8.0/stm32cubeide/plugins/com.st.stm32cube.ide.mcu.externaltools.gnu-tools-for-stm32.9-2020-q2-update.win32_2.0.0.202105311346/tools/bin/../lib/gcc/arm-none-eabi/9.3.1/../../../../arm-none-eabi/lib/thumb/v6-m/nofp\libm.a
LOAD d:/st/stm32cubeide_1.8.0/stm32cubeide/plugins/com.st.stm32cube.ide.mcu.externaltools.gnu-tools-for-stm32.9-2020-q2-update.win32_2.0.0.202105311346/tools/bin/../lib/gcc/arm-none-eabi/9.3.1/thumb/v6-m/nofp\libgcc.a

.debug_info     0x0000000000000000    0x10915
 .debug_info    0x0000000000000000      0x43a ./Core/Src/gpio.o
 .debug_info    0x000000000000043a      0x9cd ./Core/Src/i2c.o
 .debug_info    0x0000000000000e07     0x1713 ./Core/Src/main.o
 .debug_info    0x000000000000251a     0x14c8 ./Core/Src/printf.o
 .debug_info    0x00000000000039e2      0xeb1 ./Core/Src/sensirion_common.o
 .debug_info    0x0000000000004893     0x10f0 ./Core/Src/sensirion_hw_i2c_implementation.o
 .debug_info    0x0000000000005983      0xbf2 ./Core/Src/shtc1.o
 .debug_info    0x0000000000006575      0x2c9 ./Core/Src/stm32l0xx_hal_msp.o
 .debug_info    0x000000000000683e      0x1d4 ./Core/Src/stm32l0xx_it.o
 .debug_info    0x0000000000006a12      0x363 ./Core/Src/system_stm32l0xx.o
 .debug_info    0x0000000000006d75      0xa51 ./Core/Src/usart.o
 .debug_info    0x00000000000077c6       0x22 ./Core/Startup/startup_stm32l051k8tx.o
 .debug_info    0x00000000000077e8      0x8c9 ./Drivers/STM32L0xx_HAL_Driver/Src/stm32l0xx_hal.o
 .debug_info    0x00000000000080b1      0x985 ./Drivers/STM32L0xx_HAL_Driver/Src/stm32l0xx_hal_cortex.o
 .debug_info    0x0000000000008a36      0x788 ./Drivers/STM32L0xx_HAL_Driver/Src/stm32l0xx_hal_gpio.o
 .debug_info    0x00000000000091be     0x21c3 ./Drivers/STM32L0xx_HAL_Driver/Src/stm32l0xx_hal_i2c.o
 .debug_info    0x000000000000b381      0x9c1 ./Drivers/STM32L0xx_HAL_Driver/Src/stm32l0xx_hal_i2c_ex.o
 .debug_info    0x000000000000bd42      0x9b8 ./Drivers/STM32L0xx_HAL_Driver/Src/stm32l0xx_hal_rcc.o
 .debug_info    0x000000000000c6fa      0x574 ./Drivers/STM32L0xx_HAL_Driver/Src/stm32l0xx_hal_rcc_ex.o
 .debug_info    0x000000000000cc6e     0x3ca7 ./Drivers/STM32L0xx_HAL_Driver/Src/stm32l0xx_hal_uart.o

.debug_abbrev   0x0000000000000000     0x2630
 .debug_abbrev  0x0000000000000000      0x14e ./Core/Src/gpio.o
 .debug_abbrev  0x000000000000014e      0x1bb ./Core/Src/i2c.o
 .debug_abbrev  0x0000000000000309      0x284 ./Core/Src/main.o
 .debug_abbrev  0x000000000000058d      0x2f5 ./Core/Src/printf.o
 .debug_abbrev  0x0000000000000882      0x216 ./Core/Src/sensirion_common.o
 .debug_abbrev  0x0000000000000a98      0x268 ./Core/Src/sensirion_hw_i2c_implementation.o
 .debug_abbrev  0x0000000000000d00      0x21f ./Core/Src/shtc1.o
 .debug_abbrev  0x0000000000000f1f       0xf8 ./Core/Src/stm32l0xx_hal_msp.o
 .debug_abbrev  0x0000000000001017       0xd2 ./Core/Src/stm32l0xx_it.o
 .debug_abbrev  0x00000000000010e9      0x145 ./Core/Src/system_stm32l0xx.o
 .debug_abbrev  0x000000000000122e      0x1bb ./Core/Src/usart.o
 .debug_abbrev  0x00000000000013e9       0x12 ./Core/Startup/startup_stm32l051k8tx.o
 .debug_abbrev  0x00000000000013fb      0x267 ./Drivers/STM32L0xx_HAL_Driver/Src/stm32l0xx_hal.o
 .debug_abbrev  0x0000000000001662      0x2b4 ./Drivers/STM32L0xx_HAL_Driver/Src/stm32l0xx_hal_cortex.o
 .debug_abbrev  0x0000000000001916      0x1e8 ./Drivers/STM32L0xx_HAL_Driver/Src/stm32l0xx_hal_gpio.o
 .debug_abbrev  0x0000000000001afe      0x267 ./Drivers/STM32L0xx_HAL_Driver/Src/stm32l0xx_hal_i2c.o
 .debug_abbrev  0x0000000000001d65      0x1d4 ./Drivers/STM32L0xx_HAL_Driver/Src/stm32l0xx_hal_i2c_ex.o
 .debug_abbrev  0x0000000000001f39      0x246 ./Drivers/STM32L0xx_HAL_Driver/Src/stm32l0xx_hal_rcc.o
 .debug_abbrev  0x000000000000217f      0x1ef ./Drivers/STM32L0xx_HAL_Driver/Src/stm32l0xx_hal_rcc_ex.o
 .debug_abbrev  0x000000000000236e      0x2c2 ./Drivers/STM32L0xx_HAL_Driver/Src/stm32l0xx_hal_uart.o

.debug_aranges  0x0000000000000000      0xb68
 .debug_aranges
                0x0000000000000000       0x20 ./Core/Src/gpio.o
 .debug_aranges
                0x0000000000000020       0x30 ./Core/Src/i2c.o
 .debug_aranges
                0x0000000000000050       0x30 ./Core/Src/main.o
 .debug_aranges
                0x0000000000000080       0xc0 ./Core/Src/printf.o
 .debug_aranges
                0x0000000000000140       0x80 ./Core/Src/sensirion_common.o
 .debug_aranges
                0x00000000000001c0       0x40 ./Core/Src/sensirion_hw_i2c_implementation.o
 .debug_aranges
                0x0000000000000200       0x68 ./Core/Src/shtc1.o
 .debug_aranges
                0x0000000000000268       0x20 ./Core/Src/stm32l0xx_hal_msp.o
 .debug_aranges
                0x0000000000000288       0x40 ./Core/Src/stm32l0xx_it.o
 .debug_aranges
                0x00000000000002c8       0x28 ./Core/Src/system_stm32l0xx.o
 .debug_aranges
                0x00000000000002f0       0x38 ./Core/Src/usart.o
 .debug_aranges
                0x0000000000000328       0x28 ./Core/Startup/startup_stm32l051k8tx.o
 .debug_aranges
                0x0000000000000350      0x110 ./Drivers/STM32L0xx_HAL_Driver/Src/stm32l0xx_hal.o
 .debug_aranges
                0x0000000000000460       0xd8 ./Drivers/STM32L0xx_HAL_Driver/Src/stm32l0xx_hal_cortex.o
 .debug_aranges
                0x0000000000000538       0x58 ./Drivers/STM32L0xx_HAL_Driver/Src/stm32l0xx_hal_gpio.o
 .debug_aranges
                0x0000000000000590      0x290 ./Drivers/STM32L0xx_HAL_Driver/Src/stm32l0xx_hal_i2c.o
 .debug_aranges
                0x0000000000000820       0x48 ./Drivers/STM32L0xx_HAL_Driver/Src/stm32l0xx_hal_i2c_ex.o
 .debug_aranges
                0x0000000000000868       0x80 ./Drivers/STM32L0xx_HAL_Driver/Src/stm32l0xx_hal_rcc.o
 .debug_aranges
                0x00000000000008e8       0x58 ./Drivers/STM32L0xx_HAL_Driver/Src/stm32l0xx_hal_rcc_ex.o
 .debug_aranges
                0x0000000000000940      0x228 ./Drivers/STM32L0xx_HAL_Driver/Src/stm32l0xx_hal_uart.o

.debug_ranges   0x0000000000000000      0xa60
 .debug_ranges  0x0000000000000000       0x10 ./Core/Src/gpio.o
 .debug_ranges  0x0000000000000010       0x20 ./Core/Src/i2c.o
 .debug_ranges  0x0000000000000030       0x20 ./Core/Src/main.o
 .debug_ranges  0x0000000000000050       0xb0 ./Core/Src/printf.o
 .debug_ranges  0x0000000000000100       0x70 ./Core/Src/sensirion_common.o
 .debug_ranges  0x0000000000000170       0x30 ./Core/Src/sensirion_hw_i2c_implementation.o
 .debug_ranges  0x00000000000001a0       0x58 ./Core/Src/shtc1.o
 .debug_ranges  0x00000000000001f8       0x10 ./Core/Src/stm32l0xx_hal_msp.o
 .debug_ranges  0x0000000000000208       0x30 ./Core/Src/stm32l0xx_it.o
 .debug_ranges  0x0000000000000238       0x18 ./Core/Src/system_stm32l0xx.o
 .debug_ranges  0x0000000000000250       0x28 ./Core/Src/usart.o
 .debug_ranges  0x0000000000000278       0x20 ./Core/Startup/startup_stm32l051k8tx.o
 .debug_ranges  0x0000000000000298      0x100 ./Drivers/STM32L0xx_HAL_Driver/Src/stm32l0xx_hal.o
 .debug_ranges  0x0000000000000398       0xc8 ./Drivers/STM32L0xx_HAL_Driver/Src/stm32l0xx_hal_cortex.o
 .debug_ranges  0x0000000000000460       0x48 ./Drivers/STM32L0xx_HAL_Driver/Src/stm32l0xx_hal_gpio.o
 .debug_ranges  0x00000000000004a8      0x280 ./Drivers/STM32L0xx_HAL_Driver/Src/stm32l0xx_hal_i2c.o
 .debug_ranges  0x0000000000000728       0x38 ./Drivers/STM32L0xx_HAL_Driver/Src/stm32l0xx_hal_i2c_ex.o
 .debug_ranges  0x0000000000000760       0x70 ./Drivers/STM32L0xx_HAL_Driver/Src/stm32l0xx_hal_rcc.o
 .debug_ranges  0x00000000000007d0       0x48 ./Drivers/STM32L0xx_HAL_Driver/Src/stm32l0xx_hal_rcc_ex.o
 .debug_ranges  0x0000000000000818      0x248 ./Drivers/STM32L0xx_HAL_Driver/Src/stm32l0xx_hal_uart.o

.debug_macro    0x0000000000000000    0x12efc
 .debug_macro   0x0000000000000000      0x1d3 ./Core/Src/gpio.o
 .debug_macro   0x00000000000001d3      0xa7e ./Core/Src/gpio.o
 .debug_macro   0x0000000000000c51      0x11f ./Core/Src/gpio.o
 .debug_macro   0x0000000000000d70       0x2e ./Core/Src/gpio.o
 .debug_macro   0x0000000000000d9e       0x28 ./Core/Src/gpio.o
 .debug_macro   0x0000000000000dc6       0x22 ./Core/Src/gpio.o
 .debug_macro   0x0000000000000de8       0x8e ./Core/Src/gpio.o
 .debug_macro   0x0000000000000e76       0x51 ./Core/Src/gpio.o
 .debug_macro   0x0000000000000ec7      0x103 ./Core/Src/gpio.o
 .debug_macro   0x0000000000000fca       0x6a ./Core/Src/gpio.o
 .debug_macro   0x0000000000001034      0x1df ./Core/Src/gpio.o
 .debug_macro   0x0000000000001213       0x1c ./Core/Src/gpio.o
 .debug_macro   0x000000000000122f       0x22 ./Core/Src/gpio.o
 .debug_macro   0x0000000000001251       0xb5 ./Core/Src/gpio.o
 .debug_macro   0x0000000000001306      0x4da ./Core/Src/gpio.o
 .debug_macro   0x00000000000017e0      0x11f ./Core/Src/gpio.o
 .debug_macro   0x00000000000018ff     0x8241 ./Core/Src/gpio.o
 .debug_macro   0x0000000000009b40       0x66 ./Core/Src/gpio.o
 .debug_macro   0x0000000000009ba6     0x355c ./Core/Src/gpio.o
 .debug_macro   0x000000000000d102      0x174 ./Core/Src/gpio.o
 .debug_macro   0x000000000000d276       0x5b ./Core/Src/gpio.o
 .debug_macro   0x000000000000d2d1      0x8ae ./Core/Src/gpio.o
 .debug_macro   0x000000000000db7f      0x625 ./Core/Src/gpio.o
 .debug_macro   0x000000000000e1a4      0x190 ./Core/Src/gpio.o
 .debug_macro   0x000000000000e334      0x13f ./Core/Src/gpio.o
 .debug_macro   0x000000000000e473      0x161 ./Core/Src/gpio.o
 .debug_macro   0x000000000000e5d4       0x82 ./Core/Src/gpio.o
 .debug_macro   0x000000000000e656      0x28e ./Core/Src/gpio.o
 .debug_macro   0x000000000000e8e4      0x1e9 ./Core/Src/gpio.o
 .debug_macro   0x000000000000eacd      0x129 ./Core/Src/gpio.o
 .debug_macro   0x000000000000ebf6      0x2b4 ./Core/Src/gpio.o
 .debug_macro   0x000000000000eeaa      0x22c ./Core/Src/gpio.o
 .debug_macro   0x000000000000f0d6       0x5b ./Core/Src/gpio.o
 .debug_macro   0x000000000000f131       0xa5 ./Core/Src/gpio.o
 .debug_macro   0x000000000000f1d6      0x187 ./Core/Src/gpio.o
 .debug_macro   0x000000000000f35d       0x16 ./Core/Src/gpio.o
 .debug_macro   0x000000000000f373      0x5ba ./Core/Src/gpio.o
 .debug_macro   0x000000000000f92d       0x44 ./Core/Src/gpio.o
 .debug_macro   0x000000000000f971      0x146 ./Core/Src/gpio.o
 .debug_macro   0x000000000000fab7       0x28 ./Core/Src/gpio.o
 .debug_macro   0x000000000000fadf      0x1d3 ./Core/Src/i2c.o
 .debug_macro   0x000000000000fcb2      0x320 ./Core/Src/main.o
 .debug_macro   0x000000000000ffd2       0x58 ./Core/Src/main.o
 .debug_macro   0x000000000001002a       0x22 ./Core/Src/main.o
 .debug_macro   0x000000000001004c       0x34 ./Core/Src/main.o
 .debug_macro   0x0000000000010080       0x18 ./Core/Src/main.o
 .debug_macro   0x0000000000010098       0x52 ./Core/Src/main.o
 .debug_macro   0x00000000000100ea       0x3c ./Core/Src/main.o
 .debug_macro   0x0000000000010126       0x34 ./Core/Src/main.o
 .debug_macro   0x000000000001015a       0x16 ./Core/Src/main.o
 .debug_macro   0x0000000000010170       0x35 ./Core/Src/main.o
 .debug_macro   0x00000000000101a5       0x16 ./Core/Src/main.o
 .debug_macro   0x00000000000101bb       0x43 ./Core/Src/main.o
 .debug_macro   0x00000000000101fe       0x34 ./Core/Src/main.o
 .debug_macro   0x0000000000010232       0x10 ./Core/Src/main.o
 .debug_macro   0x0000000000010242       0x58 ./Core/Src/main.o
 .debug_macro   0x000000000001029a       0x71 ./Core/Src/main.o
 .debug_macro   0x000000000001030b       0x1c ./Core/Src/main.o
 .debug_macro   0x0000000000010327      0x12a ./Core/Src/main.o
 .debug_macro   0x0000000000010451      0x333 ./Core/Src/main.o
 .debug_macro   0x0000000000010784       0x16 ./Core/Src/main.o
 .debug_macro   0x000000000001079a       0x29 ./Core/Src/main.o
 .debug_macro   0x00000000000107c3       0x22 ./Core/Src/main.o
 .debug_macro   0x00000000000107e5       0x22 ./Core/Src/main.o
 .debug_macro   0x0000000000010807      0x279 ./Core/Src/printf.o
 .debug_macro   0x0000000000010a80      0x201 ./Core/Src/printf.o
 .debug_macro   0x0000000000010c81      0x160 ./Core/Src/sensirion_common.o
 .debug_macro   0x0000000000010de1       0x4c ./Core/Src/sensirion_common.o
 .debug_macro   0x0000000000010e2d       0x94 ./Core/Src/sensirion_common.o
 .debug_macro   0x0000000000010ec1      0x10e ./Core/Src/sensirion_common.o
 .debug_macro   0x0000000000010fcf       0x8d ./Core/Src/sensirion_common.o
 .debug_macro   0x000000000001105c       0x57 ./Core/Src/sensirion_common.o
 .debug_macro   0x00000000000110b3      0x339 ./Core/Src/sensirion_common.o
 .debug_macro   0x00000000000113ec       0x46 ./Core/Src/sensirion_common.o
 .debug_macro   0x0000000000011432      0x2ad ./Core/Src/sensirion_hw_i2c_implementation.o
 .debug_macro   0x00000000000116df      0x187 ./Core/Src/shtc1.o
 .debug_macro   0x0000000000011866       0x4c ./Core/Src/shtc1.o
 .debug_macro   0x00000000000118b2      0x1c9 ./Core/Src/stm32l0xx_hal_msp.o
 .debug_macro   0x0000000000011a7b      0x1d3 ./Core/Src/stm32l0xx_it.o
 .debug_macro   0x0000000000011c4e      0x1ba ./Core/Src/system_stm32l0xx.o
 .debug_macro   0x0000000000011e08      0x1d3 ./Core/Src/usart.o
 .debug_macro   0x0000000000011fdb      0x1de ./Drivers/STM32L0xx_HAL_Driver/Src/stm32l0xx_hal.o
 .debug_macro   0x00000000000121b9      0x1ba ./Drivers/STM32L0xx_HAL_Driver/Src/stm32l0xx_hal_cortex.o
 .debug_macro   0x0000000000012373      0x1c1 ./Drivers/STM32L0xx_HAL_Driver/Src/stm32l0xx_hal_gpio.o
 .debug_macro   0x0000000000012534      0x27f ./Drivers/STM32L0xx_HAL_Driver/Src/stm32l0xx_hal_i2c.o
 .debug_macro   0x00000000000127b3      0x1ba ./Drivers/STM32L0xx_HAL_Driver/Src/stm32l0xx_hal_i2c_ex.o
 .debug_macro   0x000000000001296d      0x1f0 ./Drivers/STM32L0xx_HAL_Driver/Src/stm32l0xx_hal_rcc.o
 .debug_macro   0x0000000000012b5d      0x1ba ./Drivers/STM32L0xx_HAL_Driver/Src/stm32l0xx_hal_rcc_ex.o
 .debug_macro   0x0000000000012d17      0x1e5 ./Drivers/STM32L0xx_HAL_Driver/Src/stm32l0xx_hal_uart.o

.debug_line     0x0000000000000000    0x101ef
 .debug_line    0x0000000000000000      0x6d9 ./Core/Src/gpio.o
 .debug_line    0x00000000000006d9      0x748 ./Core/Src/i2c.o
 .debug_line    0x0000000000000e21      0x977 ./Core/Src/main.o
 .debug_line    0x0000000000001798     0x12a4 ./Core/Src/printf.o
 .debug_line    0x0000000000002a3c      0x8ab ./Core/Src/sensirion_common.o
 .debug_line    0x00000000000032e7      0x908 ./Core/Src/sensirion_hw_i2c_implementation.o
 .debug_line    0x0000000000003bef      0x6bb ./Core/Src/shtc1.o
 .debug_line    0x00000000000042aa      0x6cb ./Core/Src/stm32l0xx_hal_msp.o
 .debug_line    0x0000000000004975      0x730 ./Core/Src/stm32l0xx_it.o
 .debug_line    0x00000000000050a5      0x77c ./Core/Src/system_stm32l0xx.o
 .debug_line    0x0000000000005821      0x7ab ./Core/Src/usart.o
 .debug_line    0x0000000000005fcc       0x89 ./Core/Startup/startup_stm32l051k8tx.o
 .debug_line    0x0000000000006055      0xa1f ./Drivers/STM32L0xx_HAL_Driver/Src/stm32l0xx_hal.o
 .debug_line    0x0000000000006a74      0xaed ./Drivers/STM32L0xx_HAL_Driver/Src/stm32l0xx_hal_cortex.o
 .debug_line    0x0000000000007561      0xaaf ./Drivers/STM32L0xx_HAL_Driver/Src/stm32l0xx_hal_gpio.o
 .debug_line    0x0000000000008010     0x3296 ./Drivers/STM32L0xx_HAL_Driver/Src/stm32l0xx_hal_i2c.o
 .debug_line    0x000000000000b2a6      0x8e9 ./Drivers/STM32L0xx_HAL_Driver/Src/stm32l0xx_hal_i2c_ex.o
 .debug_line    0x000000000000bb8f      0xe57 ./Drivers/STM32L0xx_HAL_Driver/Src/stm32l0xx_hal_rcc.o
 .debug_line    0x000000000000c9e6      0xaab ./Drivers/STM32L0xx_HAL_Driver/Src/stm32l0xx_hal_rcc_ex.o
 .debug_line    0x000000000000d491     0x2d5e ./Drivers/STM32L0xx_HAL_Driver/Src/stm32l0xx_hal_uart.o

.debug_str      0x0000000000000000    0x6ce11
 .debug_str     0x0000000000000000    0x65b1a ./Core/Src/gpio.o
                                      0x65e0a (size before relaxing)
 .debug_str     0x0000000000065b1a      0x4a1 ./Core/Src/i2c.o
                                      0x662df (size before relaxing)
 .debug_str     0x0000000000065fbb     0x39df ./Core/Src/main.o
                                      0x69cb5 (size before relaxing)
 .debug_str     0x000000000006999a      0x964 ./Core/Src/printf.o
                                      0x66d41 (size before relaxing)
 .debug_str     0x000000000006a2fe      0x33d ./Core/Src/sensirion_common.o
                                       0x75ed (size before relaxing)
 .debug_str     0x000000000006a63b       0xa1 ./Core/Src/sensirion_hw_i2c_implementation.o
                                      0x694d5 (size before relaxing)
 .debug_str     0x000000000006a6dc      0x17c ./Core/Src/shtc1.o
                                       0x7607 (size before relaxing)
 .debug_str     0x000000000006a858       0x2c ./Core/Src/stm32l0xx_hal_msp.o
                                      0x65d7a (size before relaxing)
 .debug_str     0x000000000006a884       0x76 ./Core/Src/stm32l0xx_it.o
                                      0x65d2c (size before relaxing)
 .debug_str     0x000000000006a8fa       0x61 ./Core/Src/system_stm32l0xx.o
                                      0x65d21 (size before relaxing)
 .debug_str     0x000000000006a95b       0x6b ./Core/Src/usart.o
                                      0x6625d (size before relaxing)
 .debug_str     0x000000000006a9c6       0x36 ./Core/Startup/startup_stm32l051k8tx.o
                                         0x82 (size before relaxing)
 .debug_str     0x000000000006a9fc      0x52c ./Drivers/STM32L0xx_HAL_Driver/Src/stm32l0xx_hal.o
                                      0x66376 (size before relaxing)
 .debug_str     0x000000000006af28      0x2e4 ./Drivers/STM32L0xx_HAL_Driver/Src/stm32l0xx_hal_cortex.o
                                      0x6618b (size before relaxing)
 .debug_str     0x000000000006b20c      0x137 ./Drivers/STM32L0xx_HAL_Driver/Src/stm32l0xx_hal_gpio.o
                                      0x65f0b (size before relaxing)
 .debug_str     0x000000000006b343      0xd50 ./Drivers/STM32L0xx_HAL_Driver/Src/stm32l0xx_hal_i2c.o
                                      0x66f8e (size before relaxing)
 .debug_str     0x000000000006c093       0xb8 ./Drivers/STM32L0xx_HAL_Driver/Src/stm32l0xx_hal_i2c_ex.o
                                      0x662d1 (size before relaxing)
 .debug_str     0x000000000006c14b      0x2c7 ./Drivers/STM32L0xx_HAL_Driver/Src/stm32l0xx_hal_rcc.o
                                      0x661f0 (size before relaxing)
 .debug_str     0x000000000006c412      0x13a ./Drivers/STM32L0xx_HAL_Driver/Src/stm32l0xx_hal_rcc_ex.o
                                      0x65f39 (size before relaxing)
 .debug_str     0x000000000006c54c      0x8c5 ./Drivers/STM32L0xx_HAL_Driver/Src/stm32l0xx_hal_uart.o
                                      0x66a48 (size before relaxing)

.comment        0x0000000000000000       0x53
 .comment       0x0000000000000000       0x53 ./Core/Src/gpio.o
                                         0x54 (size before relaxing)
 .comment       0x0000000000000053       0x54 ./Core/Src/i2c.o
 .comment       0x0000000000000053       0x54 ./Core/Src/main.o
 .comment       0x0000000000000053       0x54 ./Core/Src/printf.o
 .comment       0x0000000000000053       0x54 ./Core/Src/sensirion_common.o
 .comment       0x0000000000000053       0x54 ./Core/Src/sensirion_hw_i2c_implementation.o
 .comment       0x0000000000000053       0x54 ./Core/Src/shtc1.o
 .comment       0x0000000000000053       0x54 ./Core/Src/stm32l0xx_hal_msp.o
 .comment       0x0000000000000053       0x54 ./Core/Src/stm32l0xx_it.o
 .comment       0x0000000000000053       0x54 ./Core/Src/system_stm32l0xx.o
 .comment       0x0000000000000053       0x54 ./Core/Src/usart.o
 .comment       0x0000000000000053       0x54 ./Drivers/STM32L0xx_HAL_Driver/Src/stm32l0xx_hal.o
 .comment       0x0000000000000053       0x54 ./Drivers/STM32L0xx_HAL_Driver/Src/stm32l0xx_hal_cortex.o
 .comment       0x0000000000000053       0x54 ./Drivers/STM32L0xx_HAL_Driver/Src/stm32l0xx_hal_gpio.o
 .comment       0x0000000000000053       0x54 ./Drivers/STM32L0xx_HAL_Driver/Src/stm32l0xx_hal_i2c.o
 .comment       0x0000000000000053       0x54 ./Drivers/STM32L0xx_HAL_Driver/Src/stm32l0xx_hal_i2c_ex.o
 .comment       0x0000000000000053       0x54 ./Drivers/STM32L0xx_HAL_Driver/Src/stm32l0xx_hal_rcc.o
 .comment       0x0000000000000053       0x54 ./Drivers/STM32L0xx_HAL_Driver/Src/stm32l0xx_hal_rcc_ex.o
 .comment       0x0000000000000053       0x54 ./Drivers/STM32L0xx_HAL_Driver/Src/stm32l0xx_hal_uart.o

.debug_frame    0x0000000000000000     0x2a98
 .debug_frame   0x0000000000000000       0x30 ./Core/Src/gpio.o
 .debug_frame   0x0000000000000030       0x6c ./Core/Src/i2c.o
 .debug_frame   0x000000000000009c       0x70 ./Core/Src/main.o
 .debug_frame   0x000000000000010c      0x2e0 ./Core/Src/printf.o
 .debug_frame   0x00000000000003ec      0x1c8 ./Core/Src/sensirion_common.o
 .debug_frame   0x00000000000005b4       0xa8 ./Core/Src/sensirion_hw_i2c_implementation.o
 .debug_frame   0x000000000000065c      0x148 ./Core/Src/shtc1.o
 .debug_frame   0x00000000000007a4       0x2c ./Core/Src/stm32l0xx_hal_msp.o
 .debug_frame   0x00000000000007d0       0x9c ./Core/Src/stm32l0xx_it.o
 .debug_frame   0x000000000000086c       0x4c ./Core/Src/system_stm32l0xx.o
 .debug_frame   0x00000000000008b8       0x88 ./Core/Src/usart.o
 .debug_frame   0x0000000000000940      0x394 ./Drivers/STM32L0xx_HAL_Driver/Src/stm32l0xx_hal.o
 .debug_frame   0x0000000000000cd4      0x2fc ./Drivers/STM32L0xx_HAL_Driver/Src/stm32l0xx_hal_cortex.o
 .debug_frame   0x0000000000000fd0      0x110 ./Drivers/STM32L0xx_HAL_Driver/Src/stm32l0xx_hal_gpio.o
 .debug_frame   0x00000000000010e0      0xa24 ./Drivers/STM32L0xx_HAL_Driver/Src/stm32l0xx_hal_i2c.o
 .debug_frame   0x0000000000001b04       0xd0 ./Drivers/STM32L0xx_HAL_Driver/Src/stm32l0xx_hal_i2c_ex.o
 .debug_frame   0x0000000000001bd4      0x1a8 ./Drivers/STM32L0xx_HAL_Driver/Src/stm32l0xx_hal_rcc.o
 .debug_frame   0x0000000000001d7c       0xfc ./Drivers/STM32L0xx_HAL_Driver/Src/stm32l0xx_hal_rcc_ex.o
 .debug_frame   0x0000000000001e78      0x854 ./Drivers/STM32L0xx_HAL_Driver/Src/stm32l0xx_hal_uart.o
 .debug_frame   0x00000000000026cc       0x2c d:/st/stm32cubeide_1.8.0/stm32cubeide/plugins/com.st.stm32cube.ide.mcu.externaltools.gnu-tools-for-stm32.9-2020-q2-update.win32_2.0.0.202105311346/tools/bin/../lib/gcc/arm-none-eabi/9.3.1/../../../../arm-none-eabi/lib/thumb/v6-m/nofp\libc_nano.a(lib_a-init.o)
 .debug_frame   0x00000000000026f8       0x20 d:/st/stm32cubeide_1.8.0/stm32cubeide/plugins/com.st.stm32cube.ide.mcu.externaltools.gnu-tools-for-stm32.9-2020-q2-update.win32_2.0.0.202105311346/tools/bin/../lib/gcc/arm-none-eabi/9.3.1/../../../../arm-none-eabi/lib/thumb/v6-m/nofp\libc_nano.a(lib_a-memset.o)
 .debug_frame   0x0000000000002718       0x20 d:/st/stm32cubeide_1.8.0/stm32cubeide/plugins/com.st.stm32cube.ide.mcu.externaltools.gnu-tools-for-stm32.9-2020-q2-update.win32_2.0.0.202105311346/tools/bin/../lib/gcc/arm-none-eabi/9.3.1/thumb/v6-m/nofp\libgcc.a(_udivsi3.o)
 .debug_frame   0x0000000000002738       0x20 d:/st/stm32cubeide_1.8.0/stm32cubeide/plugins/com.st.stm32cube.ide.mcu.externaltools.gnu-tools-for-stm32.9-2020-q2-update.win32_2.0.0.202105311346/tools/bin/../lib/gcc/arm-none-eabi/9.3.1/thumb/v6-m/nofp\libgcc.a(_divsi3.o)
 .debug_frame   0x0000000000002758       0x34 d:/st/stm32cubeide_1.8.0/stm32cubeide/plugins/com.st.stm32cube.ide.mcu.externaltools.gnu-tools-for-stm32.9-2020-q2-update.win32_2.0.0.202105311346/tools/bin/../lib/gcc/arm-none-eabi/9.3.1/thumb/v6-m/nofp\libgcc.a(_muldi3.o)
 .debug_frame   0x000000000000278c       0x2c d:/st/stm32cubeide_1.8.0/stm32cubeide/plugins/com.st.stm32cube.ide.mcu.externaltools.gnu-tools-for-stm32.9-2020-q2-update.win32_2.0.0.202105311346/tools/bin/../lib/gcc/arm-none-eabi/9.3.1/thumb/v6-m/nofp\libgcc.a(_fixunsdfsi.o)
 .debug_frame   0x00000000000027b8       0x3c d:/st/stm32cubeide_1.8.0/stm32cubeide/plugins/com.st.stm32cube.ide.mcu.externaltools.gnu-tools-for-stm32.9-2020-q2-update.win32_2.0.0.202105311346/tools/bin/../lib/gcc/arm-none-eabi/9.3.1/thumb/v6-m/nofp\libgcc.a(_udivmoddi4.o)
 .debug_frame   0x00000000000027f4       0x38 d:/st/stm32cubeide_1.8.0/stm32cubeide/plugins/com.st.stm32cube.ide.mcu.externaltools.gnu-tools-for-stm32.9-2020-q2-update.win32_2.0.0.202105311346/tools/bin/../lib/gcc/arm-none-eabi/9.3.1/thumb/v6-m/nofp\libgcc.a(divsf3.o)
 .debug_frame   0x000000000000282c       0x2c d:/st/stm32cubeide_1.8.0/stm32cubeide/plugins/com.st.stm32cube.ide.mcu.externaltools.gnu-tools-for-stm32.9-2020-q2-update.win32_2.0.0.202105311346/tools/bin/../lib/gcc/arm-none-eabi/9.3.1/thumb/v6-m/nofp\libgcc.a(floatsisf.o)
 .debug_frame   0x0000000000002858       0x38 d:/st/stm32cubeide_1.8.0/stm32cubeide/plugins/com.st.stm32cube.ide.mcu.externaltools.gnu-tools-for-stm32.9-2020-q2-update.win32_2.0.0.202105311346/tools/bin/../lib/gcc/arm-none-eabi/9.3.1/thumb/v6-m/nofp\libgcc.a(adddf3.o)
 .debug_frame   0x0000000000002890       0x3c d:/st/stm32cubeide_1.8.0/stm32cubeide/plugins/com.st.stm32cube.ide.mcu.externaltools.gnu-tools-for-stm32.9-2020-q2-update.win32_2.0.0.202105311346/tools/bin/../lib/gcc/arm-none-eabi/9.3.1/thumb/v6-m/nofp\libgcc.a(divdf3.o)
 .debug_frame   0x00000000000028cc       0x38 d:/st/stm32cubeide_1.8.0/stm32cubeide/plugins/com.st.stm32cube.ide.mcu.externaltools.gnu-tools-for-stm32.9-2020-q2-update.win32_2.0.0.202105311346/tools/bin/../lib/gcc/arm-none-eabi/9.3.1/thumb/v6-m/nofp\libgcc.a(eqdf2.o)
 .debug_frame   0x0000000000002904       0x38 d:/st/stm32cubeide_1.8.0/stm32cubeide/plugins/com.st.stm32cube.ide.mcu.externaltools.gnu-tools-for-stm32.9-2020-q2-update.win32_2.0.0.202105311346/tools/bin/../lib/gcc/arm-none-eabi/9.3.1/thumb/v6-m/nofp\libgcc.a(gedf2.o)
 .debug_frame   0x000000000000293c       0x38 d:/st/stm32cubeide_1.8.0/stm32cubeide/plugins/com.st.stm32cube.ide.mcu.externaltools.gnu-tools-for-stm32.9-2020-q2-update.win32_2.0.0.202105311346/tools/bin/../lib/gcc/arm-none-eabi/9.3.1/thumb/v6-m/nofp\libgcc.a(ledf2.o)
 .debug_frame   0x0000000000002974       0x3c d:/st/stm32cubeide_1.8.0/stm32cubeide/plugins/com.st.stm32cube.ide.mcu.externaltools.gnu-tools-for-stm32.9-2020-q2-update.win32_2.0.0.202105311346/tools/bin/../lib/gcc/arm-none-eabi/9.3.1/thumb/v6-m/nofp\libgcc.a(muldf3.o)
 .debug_frame   0x00000000000029b0       0x3c d:/st/stm32cubeide_1.8.0/stm32cubeide/plugins/com.st.stm32cube.ide.mcu.externaltools.gnu-tools-for-stm32.9-2020-q2-update.win32_2.0.0.202105311346/tools/bin/../lib/gcc/arm-none-eabi/9.3.1/thumb/v6-m/nofp\libgcc.a(subdf3.o)
 .debug_frame   0x00000000000029ec       0x2c d:/st/stm32cubeide_1.8.0/stm32cubeide/plugins/com.st.stm32cube.ide.mcu.externaltools.gnu-tools-for-stm32.9-2020-q2-update.win32_2.0.0.202105311346/tools/bin/../lib/gcc/arm-none-eabi/9.3.1/thumb/v6-m/nofp\libgcc.a(fixdfsi.o)
 .debug_frame   0x0000000000002a18       0x2c d:/st/stm32cubeide_1.8.0/stm32cubeide/plugins/com.st.stm32cube.ide.mcu.externaltools.gnu-tools-for-stm32.9-2020-q2-update.win32_2.0.0.202105311346/tools/bin/../lib/gcc/arm-none-eabi/9.3.1/thumb/v6-m/nofp\libgcc.a(floatsidf.o)
 .debug_frame   0x0000000000002a44       0x28 d:/st/stm32cubeide_1.8.0/stm32cubeide/plugins/com.st.stm32cube.ide.mcu.externaltools.gnu-tools-for-stm32.9-2020-q2-update.win32_2.0.0.202105311346/tools/bin/../lib/gcc/arm-none-eabi/9.3.1/thumb/v6-m/nofp\libgcc.a(floatunsidf.o)
 .debug_frame   0x0000000000002a6c       0x2c d:/st/stm32cubeide_1.8.0/stm32cubeide/plugins/com.st.stm32cube.ide.mcu.externaltools.gnu-tools-for-stm32.9-2020-q2-update.win32_2.0.0.202105311346/tools/bin/../lib/gcc/arm-none-eabi/9.3.1/thumb/v6-m/nofp\libgcc.a(extendsfdf2.o)
