../Core/Src/main.c:57:5:__io_putchar	16	static
../Core/Src/main.c:93:5:main	8	static
../Core/Src/main.c:145:6:SystemClock_Config	96	static
../Core/Src/main.c:192:6:delay_us	16	static
../Core/Src/main.c:198:19:wire_reset	16	static
../Core/Src/main.c:214:6:write_bit	16	static
../Core/Src/main.c:229:5:read_bit	16	static
../Core/Src/main.c:241:6:wire_write	24	static
../Core/Src/main.c:250:9:wire_read	16	static
../Core/Src/main.c:262:9:byte_crc	24	static
../Core/Src/main.c:275:9:wire_crc	24	static
../Core/Src/main.c:286:6:readROM	24	static
../Core/Src/main.c:301:6:readScratchpad	24	static
../Core/Src/main.c:316:6:ReadTemp	32	static
../Core/Src/main.c:351:6:Error_Handler	4	static,ignoring_inline_asm
