15:16:25 **** Incremental Build of configuration Debug for project F4_forbot_07_UART_DMA ****
make -j4 all 
make: Nothing to be done for 'all'.
10:57:45 **** Incremental Build of configuration Debug for project F4_forbot_07_UART_DMA ****
make -j4 all 
Building file: C:/git_repo/stm32_forbot/STM32/F4_forbot/F4_forbot_07_UART_DMA/Core/Src/main.c
Invoking: MCU GCC Compiler
C:\git_repo\stm32_forbot\STM32\F4_forbot\F4_forbot_07_UART_DMA\SW4STM32\F4_forbot_07_UART_DMA\Debug
arm-none-eabi-gcc -mcpu=cortex-m4 -mthumb -mfloat-abi=hard -mfpu=fpv4-sp-d16 -DUSE_HAL_DRIVER -DSTM32F411xE -I"C:/git_repo/stm32_forbot/STM32/F4_forbot/F4_forbot_07_UART_DMA/Core/Inc" -I"C:/git_repo/stm32_forbot/STM32/F4_forbot/F4_forbot_07_UART_DMA/Drivers/STM32F4xx_HAL_Driver/Inc" -I"C:/git_repo/stm32_forbot/STM32/F4_forbot/F4_forbot_07_UART_DMA/Drivers/STM32F4xx_HAL_Driver/Inc/Legacy" -I"C:/git_repo/stm32_forbot/STM32/F4_forbot/F4_forbot_07_UART_DMA/Drivers/CMSIS/Device/ST/STM32F4xx/Include" -I"C:/git_repo/stm32_forbot/STM32/F4_forbot/F4_forbot_07_UART_DMA/Drivers/CMSIS/Include"  -Og -g3 -Wall -fmessage-length=0 -ffunction-sections -c -fmessage-length=0 -MMD -MP -MF"Application/User/Core/main.d" -MT"Application/User/Core/main.o" -o "Application/User/Core/main.o" "C:/git_repo/stm32_forbot/STM32/F4_forbot/F4_forbot_07_UART_DMA/Core/Src/main.c"
C:/git_repo/stm32_forbot/STM32/F4_forbot/F4_forbot_07_UART_DMA/Core/Src/main.c: In function 'HAL_UART_RxCpltCallback':
C:/git_repo/stm32_forbot/STM32/F4_forbot/F4_forbot_07_UART_DMA/Core/Src/main.c:64:2: warning: implicit declaration of function 'sprintf' [-Wimplicit-function-declaration]
  sprintf(Data, "Odebrana wiadomosc: %s\n\r", Received);
  ^~~~~~~
C:/git_repo/stm32_forbot/STM32/F4_forbot/F4_forbot_07_UART_DMA/Core/Src/main.c:64:2: warning: incompatible implicit declaration of built-in function 'sprintf'
C:/git_repo/stm32_forbot/STM32/F4_forbot/F4_forbot_07_UART_DMA/Core/Src/main.c:64:2: note: include '<stdio.h>' or provide a declaration of 'sprintf'
C:/git_repo/stm32_forbot/STM32/F4_forbot/F4_forbot_07_UART_DMA/Core/Src/main.c:64:10: warning: pointer targets in passing argument 1 of 'sprintf' differ in signedness [-Wpointer-sign]
  sprintf(Data, "Odebrana wiadomosc: %s\n\r", Received);
          ^~~~
C:/git_repo/stm32_forbot/STM32/F4_forbot/F4_forbot_07_UART_DMA/Core/Src/main.c:64:10: note: expected 'char *' but argument is of type 'uint8_t * {aka unsigned char *}'
Finished building: C:/git_repo/stm32_forbot/STM32/F4_forbot/F4_forbot_07_UART_DMA/Core/Src/main.c
 
Building target: F4_forbot_07_UART_DMA.elf
Invoking: MCU GCC Linker
arm-none-eabi-gcc -mcpu=cortex-m4 -mthumb -mfloat-abi=hard -mfpu=fpv4-sp-d16 -specs=nosys.specs -specs=nano.specs -T"../STM32F411VETx_FLASH.ld" -Wl,-Map=output.map -Wl,--gc-sections -o "F4_forbot_07_UART_DMA.elf" @"objects.list"   -lm
Finished building target: F4_forbot_07_UART_DMA.elf
 
C:/Ac6/SystemWorkbench/plugins/fr.ac6.mcu.externaltools.arm-none.win32_1.17.0.201812190825/tools/make/make --no-print-directory post-build
Generating hex and Printing size information:
arm-none-eabi-objcopy -O ihex "F4_forbot_07_UART_DMA.elf" "F4_forbot_07_UART_DMA.hex"
arm-none-eabi-size "F4_forbot_07_UART_DMA.elf"
   text	   data	    bss	    dec	    hex	filename
  10388	    120	   1904	  12412	   307c	F4_forbot_07_UART_DMA.elf
 
10:59:39 **** Incremental Build of configuration Debug for project F4_forbot_07_UART_DMA ****
make -j4 all 
make: Nothing to be done for 'all'.
11:03:58 **** Incremental Build of configuration Debug for project F4_forbot_07_UART_DMA ****
make -j4 all 
Building file: C:/git_repo/stm32_forbot/STM32/F4_forbot/F4_forbot_07_UART_DMA/Core/Src/main.c
Invoking: MCU GCC Compiler
C:\git_repo\stm32_forbot\STM32\F4_forbot\F4_forbot_07_UART_DMA\SW4STM32\F4_forbot_07_UART_DMA\Debug
arm-none-eabi-gcc -mcpu=cortex-m4 -mthumb -mfloat-abi=hard -mfpu=fpv4-sp-d16 -DUSE_HAL_DRIVER -DSTM32F411xE -I"C:/git_repo/stm32_forbot/STM32/F4_forbot/F4_forbot_07_UART_DMA/Core/Inc" -I"C:/git_repo/stm32_forbot/STM32/F4_forbot/F4_forbot_07_UART_DMA/Drivers/STM32F4xx_HAL_Driver/Inc" -I"C:/git_repo/stm32_forbot/STM32/F4_forbot/F4_forbot_07_UART_DMA/Drivers/STM32F4xx_HAL_Driver/Inc/Legacy" -I"C:/git_repo/stm32_forbot/STM32/F4_forbot/F4_forbot_07_UART_DMA/Drivers/CMSIS/Device/ST/STM32F4xx/Include" -I"C:/git_repo/stm32_forbot/STM32/F4_forbot/F4_forbot_07_UART_DMA/Drivers/CMSIS/Include"  -Og -g3 -Wall -fmessage-length=0 -ffunction-sections -c -fmessage-length=0 -MMD -MP -MF"Application/User/Core/main.d" -MT"Application/User/Core/main.o" -o "Application/User/Core/main.o" "C:/git_repo/stm32_forbot/STM32/F4_forbot/F4_forbot_07_UART_DMA/Core/Src/main.c"
C:/git_repo/stm32_forbot/STM32/F4_forbot/F4_forbot_07_UART_DMA/Core/Src/main.c: In function 'HAL_UART_RxCpltCallback':
C:/git_repo/stm32_forbot/STM32/F4_forbot/F4_forbot_07_UART_DMA/Core/Src/main.c:65:2: warning: implicit declaration of function 'sprintf' [-Wimplicit-function-declaration]
  sprintf(Data, "Odebrana wiadomosc: %s\n\r", Received);
  ^~~~~~~
C:/git_repo/stm32_forbot/STM32/F4_forbot/F4_forbot_07_UART_DMA/Core/Src/main.c:65:2: warning: incompatible implicit declaration of built-in function 'sprintf'
C:/git_repo/stm32_forbot/STM32/F4_forbot/F4_forbot_07_UART_DMA/Core/Src/main.c:65:2: note: include '<stdio.h>' or provide a declaration of 'sprintf'
C:/git_repo/stm32_forbot/STM32/F4_forbot/F4_forbot_07_UART_DMA/Core/Src/main.c:65:10: warning: pointer targets in passing argument 1 of 'sprintf' differ in signedness [-Wpointer-sign]
  sprintf(Data, "Odebrana wiadomosc: %s\n\r", Received);
          ^~~~
C:/git_repo/stm32_forbot/STM32/F4_forbot/F4_forbot_07_UART_DMA/Core/Src/main.c:65:10: note: expected 'char *' but argument is of type 'uint8_t * {aka unsigned char *}'
Finished building: C:/git_repo/stm32_forbot/STM32/F4_forbot/F4_forbot_07_UART_DMA/Core/Src/main.c
 
Building target: F4_forbot_07_UART_DMA.elf
Invoking: MCU GCC Linker
arm-none-eabi-gcc -mcpu=cortex-m4 -mthumb -mfloat-abi=hard -mfpu=fpv4-sp-d16 -specs=nosys.specs -specs=nano.specs -T"../STM32F411VETx_FLASH.ld" -Wl,-Map=output.map -Wl,--gc-sections -o "F4_forbot_07_UART_DMA.elf" @"objects.list"   -lm
Finished building target: F4_forbot_07_UART_DMA.elf
 
C:/Ac6/SystemWorkbench/plugins/fr.ac6.mcu.externaltools.arm-none.win32_1.17.0.201812190825/tools/make/make --no-print-directory post-build
Generating hex and Printing size information:
arm-none-eabi-objcopy -O ihex "F4_forbot_07_UART_DMA.elf" "F4_forbot_07_UART_DMA.hex"
arm-none-eabi-size "F4_forbot_07_UART_DMA.elf"
   text	   data	    bss	    dec	    hex	filename
  10388	    120	   1904	  12412	   307c	F4_forbot_07_UART_DMA.elf
 
11:04:15 **** Incremental Build of configuration Debug for project F4_forbot_07_UART_DMA ****
make -j4 all 
make: Nothing to be done for 'all'.
11:38:41 **** Incremental Build of configuration Debug for project F4_forbot_07_UART_DMA ****
make -j4 all 
make: Nothing to be done for 'all'.
11:42:07 **** Clean-only build of configuration Debug for project F4_forbot_07_UART_DMA ****
make -j4 clean 
rm -rf *
 
11:43:25 **** Build of configuration Debug for project F4_forbot_07_UART_DMA ****
make -j4 all 
Building file: C:/git_repo/stm32_forbot/STM32/F4_forbot/F4_forbot_07_UART_DMA/Drivers/STM32F4xx_HAL_Driver/Src/stm32f4xx_hal.c
Building file: C:/git_repo/stm32_forbot/STM32/F4_forbot/F4_forbot_07_UART_DMA/Drivers/STM32F4xx_HAL_Driver/Src/stm32f4xx_hal_cortex.c
Building file: C:/git_repo/stm32_forbot/STM32/F4_forbot/F4_forbot_07_UART_DMA/Drivers/STM32F4xx_HAL_Driver/Src/stm32f4xx_hal_dma.c
Building file: C:/git_repo/stm32_forbot/STM32/F4_forbot/F4_forbot_07_UART_DMA/Drivers/STM32F4xx_HAL_Driver/Src/stm32f4xx_hal_dma_ex.c
Invoking: MCU GCC Compiler
Invoking: MCU GCC Compiler
Invoking: MCU GCC Compiler
Invoking: MCU GCC Compiler
C:\git_repo\stm32_forbot\STM32\F4_forbot\F4_forbot_07_UART_DMA\SW4STM32\F4_forbot_07_UART_DMA\Debug
arm-none-eabi-gcc -mcpu=cortex-m4 -mthumb -mfloat-abi=hard -mfpu=fpv4-sp-d16 -DUSE_HAL_DRIVER -DSTM32F411xE -I"C:/git_repo/stm32_forbot/STM32/F4_forbot/F4_forbot_07_UART_DMA/Core/Inc" -I"C:/git_repo/stm32_forbot/STM32/F4_forbot/F4_forbot_07_UART_DMA/Drivers/STM32F4xx_HAL_Driver/Inc" -I"C:/git_repo/stm32_forbot/STM32/F4_forbot/F4_forbot_07_UART_DMA/Drivers/STM32F4xx_HAL_Driver/Inc/Legacy" -I"C:/git_repo/stm32_forbot/STM32/F4_forbot/F4_forbot_07_UART_DMA/Drivers/CMSIS/Device/ST/STM32F4xx/Include" -I"C:/git_repo/stm32_forbot/STM32/F4_forbot/F4_forbot_07_UART_DMA/Drivers/CMSIS/Include"  -Og -g3 -Wall -fmessage-length=0 -ffunction-sections -c -fmessage-length=0 -MMD -MP -MF"Drivers/STM32F4xx_HAL_Driver/stm32f4xx_hal.d" -MT"Drivers/STM32F4xx_HAL_Driver/stm32f4xx_hal.o" -o "Drivers/STM32F4xx_HAL_Driver/stm32f4xx_hal.o" "C:/git_repo/stm32_forbot/STM32/F4_forbot/F4_forbot_07_UART_DMA/Drivers/STM32F4xx_HAL_Driver/Src/stm32f4xx_hal.c"
C:\git_repo\stm32_forbot\STM32\F4_forbot\F4_forbot_07_UART_DMA\SW4STM32\F4_forbot_07_UART_DMA\Debug
C:\git_repo\stm32_forbot\STM32\F4_forbot\F4_forbot_07_UART_DMA\SW4STM32\F4_forbot_07_UART_DMA\Debug
C:\git_repo\stm32_forbot\STM32\F4_forbot\F4_forbot_07_UART_DMA\SW4STM32\F4_forbot_07_UART_DMA\Debug
arm-none-eabi-gcc -mcpu=cortex-m4 -mthumb -mfloat-abi=hard -mfpu=fpv4-sp-d16 -DUSE_HAL_DRIVER -DSTM32F411xE -I"C:/git_repo/stm32_forbot/STM32/F4_forbot/F4_forbot_07_UART_DMA/Core/Inc" -I"C:/git_repo/stm32_forbot/STM32/F4_forbot/F4_forbot_07_UART_DMA/Drivers/STM32F4xx_HAL_Driver/Inc" -I"C:/git_repo/stm32_forbot/STM32/F4_forbot/F4_forbot_07_UART_DMA/Drivers/STM32F4xx_HAL_Driver/Inc/Legacy" -I"C:/git_repo/stm32_forbot/STM32/F4_forbot/F4_forbot_07_UART_DMA/Drivers/CMSIS/Device/ST/STM32F4xx/Include" -I"C:/git_repo/stm32_forbot/STM32/F4_forbot/F4_forbot_07_UART_DMA/Drivers/CMSIS/Include"  -Og -g3 -Wall -fmessage-length=0 -ffunction-sections -c -fmessage-length=0 -MMD -MP -MF"Drivers/STM32F4xx_HAL_Driver/stm32f4xx_hal_cortex.d" -MT"Drivers/STM32F4xx_HAL_Driver/stm32f4xx_hal_cortex.o" -o "Drivers/STM32F4xx_HAL_Driver/stm32f4xx_hal_cortex.o" "C:/git_repo/stm32_forbot/STM32/F4_forbot/F4_forbot_07_UART_DMA/Drivers/STM32F4xx_HAL_Driver/Src/stm32f4xx_hal_cortex.c"
arm-none-eabi-gcc -mcpu=cortex-m4 -mthumb -mfloat-abi=hard -mfpu=fpv4-sp-d16 -DUSE_HAL_DRIVER -DSTM32F411xE -I"C:/git_repo/stm32_forbot/STM32/F4_forbot/F4_forbot_07_UART_DMA/Core/Inc" -I"C:/git_repo/stm32_forbot/STM32/F4_forbot/F4_forbot_07_UART_DMA/Drivers/STM32F4xx_HAL_Driver/Inc" -I"C:/git_repo/stm32_forbot/STM32/F4_forbot/F4_forbot_07_UART_DMA/Drivers/STM32F4xx_HAL_Driver/Inc/Legacy" -I"C:/git_repo/stm32_forbot/STM32/F4_forbot/F4_forbot_07_UART_DMA/Drivers/CMSIS/Device/ST/STM32F4xx/Include" -I"C:/git_repo/stm32_forbot/STM32/F4_forbot/F4_forbot_07_UART_DMA/Drivers/CMSIS/Include"  -Og -g3 -Wall -fmessage-length=0 -ffunction-sections -c -fmessage-length=0 -MMD -MP -MF"Drivers/STM32F4xx_HAL_Driver/stm32f4xx_hal_dma.d" -MT"Drivers/STM32F4xx_HAL_Driver/stm32f4xx_hal_dma.o" -o "Drivers/STM32F4xx_HAL_Driver/stm32f4xx_hal_dma.o" "C:/git_repo/stm32_forbot/STM32/F4_forbot/F4_forbot_07_UART_DMA/Drivers/STM32F4xx_HAL_Driver/Src/stm32f4xx_hal_dma.c"
arm-none-eabi-gcc -mcpu=cortex-m4 -mthumb -mfloat-abi=hard -mfpu=fpv4-sp-d16 -DUSE_HAL_DRIVER -DSTM32F411xE -I"C:/git_repo/stm32_forbot/STM32/F4_forbot/F4_forbot_07_UART_DMA/Core/Inc" -I"C:/git_repo/stm32_forbot/STM32/F4_forbot/F4_forbot_07_UART_DMA/Drivers/STM32F4xx_HAL_Driver/Inc" -I"C:/git_repo/stm32_forbot/STM32/F4_forbot/F4_forbot_07_UART_DMA/Drivers/STM32F4xx_HAL_Driver/Inc/Legacy" -I"C:/git_repo/stm32_forbot/STM32/F4_forbot/F4_forbot_07_UART_DMA/Drivers/CMSIS/Device/ST/STM32F4xx/Include" -I"C:/git_repo/stm32_forbot/STM32/F4_forbot/F4_forbot_07_UART_DMA/Drivers/CMSIS/Include"  -Og -g3 -Wall -fmessage-length=0 -ffunction-sections -c -fmessage-length=0 -MMD -MP -MF"Drivers/STM32F4xx_HAL_Driver/stm32f4xx_hal_dma_ex.d" -MT"Drivers/STM32F4xx_HAL_Driver/stm32f4xx_hal_dma_ex.o" -o "Drivers/STM32F4xx_HAL_Driver/stm32f4xx_hal_dma_ex.o" "C:/git_repo/stm32_forbot/STM32/F4_forbot/F4_forbot_07_UART_DMA/Drivers/STM32F4xx_HAL_Driver/Src/stm32f4xx_hal_dma_ex.c"
Finished building: C:/git_repo/stm32_forbot/STM32/F4_forbot/F4_forbot_07_UART_DMA/Drivers/STM32F4xx_HAL_Driver/Src/stm32f4xx_hal_cortex.c
Finished building: C:/git_repo/stm32_forbot/STM32/F4_forbot/F4_forbot_07_UART_DMA/Drivers/STM32F4xx_HAL_Driver/Src/stm32f4xx_hal.c
 
 
Building file: C:/git_repo/stm32_forbot/STM32/F4_forbot/F4_forbot_07_UART_DMA/Drivers/STM32F4xx_HAL_Driver/Src/stm32f4xx_hal_exti.c
Invoking: MCU GCC Compiler
Finished building: C:/git_repo/stm32_forbot/STM32/F4_forbot/F4_forbot_07_UART_DMA/Drivers/STM32F4xx_HAL_Driver/Src/stm32f4xx_hal_dma.c
Building file: C:/git_repo/stm32_forbot/STM32/F4_forbot/F4_forbot_07_UART_DMA/Drivers/STM32F4xx_HAL_Driver/Src/stm32f4xx_hal_flash.c
C:\git_repo\stm32_forbot\STM32\F4_forbot\F4_forbot_07_UART_DMA\SW4STM32\F4_forbot_07_UART_DMA\Debug
 
arm-none-eabi-gcc -mcpu=cortex-m4 -mthumb -mfloat-abi=hard -mfpu=fpv4-sp-d16 -DUSE_HAL_DRIVER -DSTM32F411xE -I"C:/git_repo/stm32_forbot/STM32/F4_forbot/F4_forbot_07_UART_DMA/Core/Inc" -I"C:/git_repo/stm32_forbot/STM32/F4_forbot/F4_forbot_07_UART_DMA/Drivers/STM32F4xx_HAL_Driver/Inc" -I"C:/git_repo/stm32_forbot/STM32/F4_forbot/F4_forbot_07_UART_DMA/Drivers/STM32F4xx_HAL_Driver/Inc/Legacy" -I"C:/git_repo/stm32_forbot/STM32/F4_forbot/F4_forbot_07_UART_DMA/Drivers/CMSIS/Device/ST/STM32F4xx/Include" -I"C:/git_repo/stm32_forbot/STM32/F4_forbot/F4_forbot_07_UART_DMA/Drivers/CMSIS/Include"  -Og -g3 -Wall -fmessage-length=0 -ffunction-sections -c -fmessage-length=0 -MMD -MP -MF"Drivers/STM32F4xx_HAL_Driver/stm32f4xx_hal_exti.d" -MT"Drivers/STM32F4xx_HAL_Driver/stm32f4xx_hal_exti.o" -o "Drivers/STM32F4xx_HAL_Driver/stm32f4xx_hal_exti.o" "C:/git_repo/stm32_forbot/STM32/F4_forbot/F4_forbot_07_UART_DMA/Drivers/STM32F4xx_HAL_Driver/Src/stm32f4xx_hal_exti.c"
Invoking: MCU GCC Compiler
Building file: C:/git_repo/stm32_forbot/STM32/F4_forbot/F4_forbot_07_UART_DMA/Drivers/STM32F4xx_HAL_Driver/Src/stm32f4xx_hal_flash_ex.c
Finished building: C:/git_repo/stm32_forbot/STM32/F4_forbot/F4_forbot_07_UART_DMA/Drivers/STM32F4xx_HAL_Driver/Src/stm32f4xx_hal_dma_ex.c
C:\git_repo\stm32_forbot\STM32\F4_forbot\F4_forbot_07_UART_DMA\SW4STM32\F4_forbot_07_UART_DMA\Debug
arm-none-eabi-gcc -mcpu=cortex-m4 -mthumb -mfloat-abi=hard -mfpu=fpv4-sp-d16 -DUSE_HAL_DRIVER -DSTM32F411xE -I"C:/git_repo/stm32_forbot/STM32/F4_forbot/F4_forbot_07_UART_DMA/Core/Inc" -I"C:/git_repo/stm32_forbot/STM32/F4_forbot/F4_forbot_07_UART_DMA/Drivers/STM32F4xx_HAL_Driver/Inc" -I"C:/git_repo/stm32_forbot/STM32/F4_forbot/F4_forbot_07_UART_DMA/Drivers/STM32F4xx_HAL_Driver/Inc/Legacy" -I"C:/git_repo/stm32_forbot/STM32/F4_forbot/F4_forbot_07_UART_DMA/Drivers/CMSIS/Device/ST/STM32F4xx/Include" -I"C:/git_repo/stm32_forbot/STM32/F4_forbot/F4_forbot_07_UART_DMA/Drivers/CMSIS/Include"  -Og -g3 -Wall -fmessage-length=0 -ffunction-sections -c -fmessage-length=0 -MMD -MP -MF"Drivers/STM32F4xx_HAL_Driver/stm32f4xx_hal_flash.d" -MT"Drivers/STM32F4xx_HAL_Driver/stm32f4xx_hal_flash.o" -o "Drivers/STM32F4xx_HAL_Driver/stm32f4xx_hal_flash.o" "C:/git_repo/stm32_forbot/STM32/F4_forbot/F4_forbot_07_UART_DMA/Drivers/STM32F4xx_HAL_Driver/Src/stm32f4xx_hal_flash.c"
Invoking: MCU GCC Compiler
 
C:\git_repo\stm32_forbot\STM32\F4_forbot\F4_forbot_07_UART_DMA\SW4STM32\F4_forbot_07_UART_DMA\Debug
arm-none-eabi-gcc -mcpu=cortex-m4 -mthumb -mfloat-abi=hard -mfpu=fpv4-sp-d16 -DUSE_HAL_DRIVER -DSTM32F411xE -I"C:/git_repo/stm32_forbot/STM32/F4_forbot/F4_forbot_07_UART_DMA/Core/Inc" -I"C:/git_repo/stm32_forbot/STM32/F4_forbot/F4_forbot_07_UART_DMA/Drivers/STM32F4xx_HAL_Driver/Inc" -I"C:/git_repo/stm32_forbot/STM32/F4_forbot/F4_forbot_07_UART_DMA/Drivers/STM32F4xx_HAL_Driver/Inc/Legacy" -I"C:/git_repo/stm32_forbot/STM32/F4_forbot/F4_forbot_07_UART_DMA/Drivers/CMSIS/Device/ST/STM32F4xx/Include" -I"C:/git_repo/stm32_forbot/STM32/F4_forbot/F4_forbot_07_UART_DMA/Drivers/CMSIS/Include"  -Og -g3 -Wall -fmessage-length=0 -ffunction-sections -c -fmessage-length=0 -MMD -MP -MF"Drivers/STM32F4xx_HAL_Driver/stm32f4xx_hal_flash_ex.d" -MT"Drivers/STM32F4xx_HAL_Driver/stm32f4xx_hal_flash_ex.o" -o "Drivers/STM32F4xx_HAL_Driver/stm32f4xx_hal_flash_ex.o" "C:/git_repo/stm32_forbot/STM32/F4_forbot/F4_forbot_07_UART_DMA/Drivers/STM32F4xx_HAL_Driver/Src/stm32f4xx_hal_flash_ex.c"
Building file: C:/git_repo/stm32_forbot/STM32/F4_forbot/F4_forbot_07_UART_DMA/Drivers/STM32F4xx_HAL_Driver/Src/stm32f4xx_hal_flash_ramfunc.c
Invoking: MCU GCC Compiler
C:\git_repo\stm32_forbot\STM32\F4_forbot\F4_forbot_07_UART_DMA\SW4STM32\F4_forbot_07_UART_DMA\Debug
arm-none-eabi-gcc -mcpu=cortex-m4 -mthumb -mfloat-abi=hard -mfpu=fpv4-sp-d16 -DUSE_HAL_DRIVER -DSTM32F411xE -I"C:/git_repo/stm32_forbot/STM32/F4_forbot/F4_forbot_07_UART_DMA/Core/Inc" -I"C:/git_repo/stm32_forbot/STM32/F4_forbot/F4_forbot_07_UART_DMA/Drivers/STM32F4xx_HAL_Driver/Inc" -I"C:/git_repo/stm32_forbot/STM32/F4_forbot/F4_forbot_07_UART_DMA/Drivers/STM32F4xx_HAL_Driver/Inc/Legacy" -I"C:/git_repo/stm32_forbot/STM32/F4_forbot/F4_forbot_07_UART_DMA/Drivers/CMSIS/Device/ST/STM32F4xx/Include" -I"C:/git_repo/stm32_forbot/STM32/F4_forbot/F4_forbot_07_UART_DMA/Drivers/CMSIS/Include"  -Og -g3 -Wall -fmessage-length=0 -ffunction-sections -c -fmessage-length=0 -MMD -MP -MF"Drivers/STM32F4xx_HAL_Driver/stm32f4xx_hal_flash_ramfunc.d" -MT"Drivers/STM32F4xx_HAL_Driver/stm32f4xx_hal_flash_ramfunc.o" -o "Drivers/STM32F4xx_HAL_Driver/stm32f4xx_hal_flash_ramfunc.o" "C:/git_repo/stm32_forbot/STM32/F4_forbot/F4_forbot_07_UART_DMA/Drivers/STM32F4xx_HAL_Driver/Src/stm32f4xx_hal_flash_ramfunc.c"
Finished building: C:/git_repo/stm32_forbot/STM32/F4_forbot/F4_forbot_07_UART_DMA/Drivers/STM32F4xx_HAL_Driver/Src/stm32f4xx_hal_flash.c
Finished building: C:/git_repo/stm32_forbot/STM32/F4_forbot/F4_forbot_07_UART_DMA/Drivers/STM32F4xx_HAL_Driver/Src/stm32f4xx_hal_exti.c
 
 
Building file: C:/git_repo/stm32_forbot/STM32/F4_forbot/F4_forbot_07_UART_DMA/Drivers/STM32F4xx_HAL_Driver/Src/stm32f4xx_hal_gpio.c
Invoking: MCU GCC Compiler
Building file: C:/git_repo/stm32_forbot/STM32/F4_forbot/F4_forbot_07_UART_DMA/Drivers/STM32F4xx_HAL_Driver/Src/stm32f4xx_hal_pwr.c
Finished building: C:/git_repo/stm32_forbot/STM32/F4_forbot/F4_forbot_07_UART_DMA/Drivers/STM32F4xx_HAL_Driver/Src/stm32f4xx_hal_flash_ramfunc.c
Invoking: MCU GCC Compiler
C:\git_repo\stm32_forbot\STM32\F4_forbot\F4_forbot_07_UART_DMA\SW4STM32\F4_forbot_07_UART_DMA\Debug
arm-none-eabi-gcc -mcpu=cortex-m4 -mthumb -mfloat-abi=hard -mfpu=fpv4-sp-d16 -DUSE_HAL_DRIVER -DSTM32F411xE -I"C:/git_repo/stm32_forbot/STM32/F4_forbot/F4_forbot_07_UART_DMA/Core/Inc" -I"C:/git_repo/stm32_forbot/STM32/F4_forbot/F4_forbot_07_UART_DMA/Drivers/STM32F4xx_HAL_Driver/Inc" -I"C:/git_repo/stm32_forbot/STM32/F4_forbot/F4_forbot_07_UART_DMA/Drivers/STM32F4xx_HAL_Driver/Inc/Legacy" -I"C:/git_repo/stm32_forbot/STM32/F4_forbot/F4_forbot_07_UART_DMA/Drivers/CMSIS/Device/ST/STM32F4xx/Include" -I"C:/git_repo/stm32_forbot/STM32/F4_forbot/F4_forbot_07_UART_DMA/Drivers/CMSIS/Include"  -Og -g3 -Wall -fmessage-length=0 -ffunction-sections -c -fmessage-length=0 -MMD -MP -MF"Drivers/STM32F4xx_HAL_Driver/stm32f4xx_hal_gpio.d" -MT"Drivers/STM32F4xx_HAL_Driver/stm32f4xx_hal_gpio.o" -o "Drivers/STM32F4xx_HAL_Driver/stm32f4xx_hal_gpio.o" "C:/git_repo/stm32_forbot/STM32/F4_forbot/F4_forbot_07_UART_DMA/Drivers/STM32F4xx_HAL_Driver/Src/stm32f4xx_hal_gpio.c"
Finished building: C:/git_repo/stm32_forbot/STM32/F4_forbot/F4_forbot_07_UART_DMA/Drivers/STM32F4xx_HAL_Driver/Src/stm32f4xx_hal_flash_ex.c
 
C:\git_repo\stm32_forbot\STM32\F4_forbot\F4_forbot_07_UART_DMA\SW4STM32\F4_forbot_07_UART_DMA\Debug
 
arm-none-eabi-gcc -mcpu=cortex-m4 -mthumb -mfloat-abi=hard -mfpu=fpv4-sp-d16 -DUSE_HAL_DRIVER -DSTM32F411xE -I"C:/git_repo/stm32_forbot/STM32/F4_forbot/F4_forbot_07_UART_DMA/Core/Inc" -I"C:/git_repo/stm32_forbot/STM32/F4_forbot/F4_forbot_07_UART_DMA/Drivers/STM32F4xx_HAL_Driver/Inc" -I"C:/git_repo/stm32_forbot/STM32/F4_forbot/F4_forbot_07_UART_DMA/Drivers/STM32F4xx_HAL_Driver/Inc/Legacy" -I"C:/git_repo/stm32_forbot/STM32/F4_forbot/F4_forbot_07_UART_DMA/Drivers/CMSIS/Device/ST/STM32F4xx/Include" -I"C:/git_repo/stm32_forbot/STM32/F4_forbot/F4_forbot_07_UART_DMA/Drivers/CMSIS/Include"  -Og -g3 -Wall -fmessage-length=0 -ffunction-sections -c -fmessage-length=0 -MMD -MP -MF"Drivers/STM32F4xx_HAL_Driver/stm32f4xx_hal_pwr.d" -MT"Drivers/STM32F4xx_HAL_Driver/stm32f4xx_hal_pwr.o" -o "Drivers/STM32F4xx_HAL_Driver/stm32f4xx_hal_pwr.o" "C:/git_repo/stm32_forbot/STM32/F4_forbot/F4_forbot_07_UART_DMA/Drivers/STM32F4xx_HAL_Driver/Src/stm32f4xx_hal_pwr.c"
Building file: C:/git_repo/stm32_forbot/STM32/F4_forbot/F4_forbot_07_UART_DMA/Drivers/STM32F4xx_HAL_Driver/Src/stm32f4xx_hal_pwr_ex.c
Building file: C:/git_repo/stm32_forbot/STM32/F4_forbot/F4_forbot_07_UART_DMA/Drivers/STM32F4xx_HAL_Driver/Src/stm32f4xx_hal_rcc.c
Invoking: MCU GCC Compiler
Invoking: MCU GCC Compiler
C:\git_repo\stm32_forbot\STM32\F4_forbot\F4_forbot_07_UART_DMA\SW4STM32\F4_forbot_07_UART_DMA\Debug
arm-none-eabi-gcc -mcpu=cortex-m4 -mthumb -mfloat-abi=hard -mfpu=fpv4-sp-d16 -DUSE_HAL_DRIVER -DSTM32F411xE -I"C:/git_repo/stm32_forbot/STM32/F4_forbot/F4_forbot_07_UART_DMA/Core/Inc" -I"C:/git_repo/stm32_forbot/STM32/F4_forbot/F4_forbot_07_UART_DMA/Drivers/STM32F4xx_HAL_Driver/Inc" -I"C:/git_repo/stm32_forbot/STM32/F4_forbot/F4_forbot_07_UART_DMA/Drivers/STM32F4xx_HAL_Driver/Inc/Legacy" -I"C:/git_repo/stm32_forbot/STM32/F4_forbot/F4_forbot_07_UART_DMA/Drivers/CMSIS/Device/ST/STM32F4xx/Include" -I"C:/git_repo/stm32_forbot/STM32/F4_forbot/F4_forbot_07_UART_DMA/Drivers/CMSIS/Include"  -Og -g3 -Wall -fmessage-length=0 -ffunction-sections -c -fmessage-length=0 -MMD -MP -MF"Drivers/STM32F4xx_HAL_Driver/stm32f4xx_hal_pwr_ex.d" -MT"Drivers/STM32F4xx_HAL_Driver/stm32f4xx_hal_pwr_ex.o" -o "Drivers/STM32F4xx_HAL_Driver/stm32f4xx_hal_pwr_ex.o" "C:/git_repo/stm32_forbot/STM32/F4_forbot/F4_forbot_07_UART_DMA/Drivers/STM32F4xx_HAL_Driver/Src/stm32f4xx_hal_pwr_ex.c"
C:\git_repo\stm32_forbot\STM32\F4_forbot\F4_forbot_07_UART_DMA\SW4STM32\F4_forbot_07_UART_DMA\Debug
arm-none-eabi-gcc -mcpu=cortex-m4 -mthumb -mfloat-abi=hard -mfpu=fpv4-sp-d16 -DUSE_HAL_DRIVER -DSTM32F411xE -I"C:/git_repo/stm32_forbot/STM32/F4_forbot/F4_forbot_07_UART_DMA/Core/Inc" -I"C:/git_repo/stm32_forbot/STM32/F4_forbot/F4_forbot_07_UART_DMA/Drivers/STM32F4xx_HAL_Driver/Inc" -I"C:/git_repo/stm32_forbot/STM32/F4_forbot/F4_forbot_07_UART_DMA/Drivers/STM32F4xx_HAL_Driver/Inc/Legacy" -I"C:/git_repo/stm32_forbot/STM32/F4_forbot/F4_forbot_07_UART_DMA/Drivers/CMSIS/Device/ST/STM32F4xx/Include" -I"C:/git_repo/stm32_forbot/STM32/F4_forbot/F4_forbot_07_UART_DMA/Drivers/CMSIS/Include"  -Og -g3 -Wall -fmessage-length=0 -ffunction-sections -c -fmessage-length=0 -MMD -MP -MF"Drivers/STM32F4xx_HAL_Driver/stm32f4xx_hal_rcc.d" -MT"Drivers/STM32F4xx_HAL_Driver/stm32f4xx_hal_rcc.o" -o "Drivers/STM32F4xx_HAL_Driver/stm32f4xx_hal_rcc.o" "C:/git_repo/stm32_forbot/STM32/F4_forbot/F4_forbot_07_UART_DMA/Drivers/STM32F4xx_HAL_Driver/Src/stm32f4xx_hal_rcc.c"
Finished building: C:/git_repo/stm32_forbot/STM32/F4_forbot/F4_forbot_07_UART_DMA/Drivers/STM32F4xx_HAL_Driver/Src/stm32f4xx_hal_gpio.c
Finished building: C:/git_repo/stm32_forbot/STM32/F4_forbot/F4_forbot_07_UART_DMA/Drivers/STM32F4xx_HAL_Driver/Src/stm32f4xx_hal_pwr.c
 
Building file: C:/git_repo/stm32_forbot/STM32/F4_forbot/F4_forbot_07_UART_DMA/Drivers/STM32F4xx_HAL_Driver/Src/stm32f4xx_hal_rcc_ex.c
 
Invoking: MCU GCC Compiler
Finished building: C:/git_repo/stm32_forbot/STM32/F4_forbot/F4_forbot_07_UART_DMA/Drivers/STM32F4xx_HAL_Driver/Src/stm32f4xx_hal_pwr_ex.c
Building file: C:/git_repo/stm32_forbot/STM32/F4_forbot/F4_forbot_07_UART_DMA/Drivers/STM32F4xx_HAL_Driver/Src/stm32f4xx_hal_tim.c
 
C:\git_repo\stm32_forbot\STM32\F4_forbot\F4_forbot_07_UART_DMA\SW4STM32\F4_forbot_07_UART_DMA\Debug
Invoking: MCU GCC Compiler
arm-none-eabi-gcc -mcpu=cortex-m4 -mthumb -mfloat-abi=hard -mfpu=fpv4-sp-d16 -DUSE_HAL_DRIVER -DSTM32F411xE -I"C:/git_repo/stm32_forbot/STM32/F4_forbot/F4_forbot_07_UART_DMA/Core/Inc" -I"C:/git_repo/stm32_forbot/STM32/F4_forbot/F4_forbot_07_UART_DMA/Drivers/STM32F4xx_HAL_Driver/Inc" -I"C:/git_repo/stm32_forbot/STM32/F4_forbot/F4_forbot_07_UART_DMA/Drivers/STM32F4xx_HAL_Driver/Inc/Legacy" -I"C:/git_repo/stm32_forbot/STM32/F4_forbot/F4_forbot_07_UART_DMA/Drivers/CMSIS/Device/ST/STM32F4xx/Include" -I"C:/git_repo/stm32_forbot/STM32/F4_forbot/F4_forbot_07_UART_DMA/Drivers/CMSIS/Include"  -Og -g3 -Wall -fmessage-length=0 -ffunction-sections -c -fmessage-length=0 -MMD -MP -MF"Drivers/STM32F4xx_HAL_Driver/stm32f4xx_hal_rcc_ex.d" -MT"Drivers/STM32F4xx_HAL_Driver/stm32f4xx_hal_rcc_ex.o" -o "Drivers/STM32F4xx_HAL_Driver/stm32f4xx_hal_rcc_ex.o" "C:/git_repo/stm32_forbot/STM32/F4_forbot/F4_forbot_07_UART_DMA/Drivers/STM32F4xx_HAL_Driver/Src/stm32f4xx_hal_rcc_ex.c"
C:\git_repo\stm32_forbot\STM32\F4_forbot\F4_forbot_07_UART_DMA\SW4STM32\F4_forbot_07_UART_DMA\Debug
Building file: C:/git_repo/stm32_forbot/STM32/F4_forbot/F4_forbot_07_UART_DMA/Drivers/STM32F4xx_HAL_Driver/Src/stm32f4xx_hal_tim_ex.c
arm-none-eabi-gcc -mcpu=cortex-m4 -mthumb -mfloat-abi=hard -mfpu=fpv4-sp-d16 -DUSE_HAL_DRIVER -DSTM32F411xE -I"C:/git_repo/stm32_forbot/STM32/F4_forbot/F4_forbot_07_UART_DMA/Core/Inc" -I"C:/git_repo/stm32_forbot/STM32/F4_forbot/F4_forbot_07_UART_DMA/Drivers/STM32F4xx_HAL_Driver/Inc" -I"C:/git_repo/stm32_forbot/STM32/F4_forbot/F4_forbot_07_UART_DMA/Drivers/STM32F4xx_HAL_Driver/Inc/Legacy" -I"C:/git_repo/stm32_forbot/STM32/F4_forbot/F4_forbot_07_UART_DMA/Drivers/CMSIS/Device/ST/STM32F4xx/Include" -I"C:/git_repo/stm32_forbot/STM32/F4_forbot/F4_forbot_07_UART_DMA/Drivers/CMSIS/Include"  -Og -g3 -Wall -fmessage-length=0 -ffunction-sections -c -fmessage-length=0 -MMD -MP -MF"Drivers/STM32F4xx_HAL_Driver/stm32f4xx_hal_tim.d" -MT"Drivers/STM32F4xx_HAL_Driver/stm32f4xx_hal_tim.o" -o "Drivers/STM32F4xx_HAL_Driver/stm32f4xx_hal_tim.o" "C:/git_repo/stm32_forbot/STM32/F4_forbot/F4_forbot_07_UART_DMA/Drivers/STM32F4xx_HAL_Driver/Src/stm32f4xx_hal_tim.c"
Invoking: MCU GCC Compiler
Finished building: C:/git_repo/stm32_forbot/STM32/F4_forbot/F4_forbot_07_UART_DMA/Drivers/STM32F4xx_HAL_Driver/Src/stm32f4xx_hal_rcc.c
C:\git_repo\stm32_forbot\STM32\F4_forbot\F4_forbot_07_UART_DMA\SW4STM32\F4_forbot_07_UART_DMA\Debug
 
arm-none-eabi-gcc -mcpu=cortex-m4 -mthumb -mfloat-abi=hard -mfpu=fpv4-sp-d16 -DUSE_HAL_DRIVER -DSTM32F411xE -I"C:/git_repo/stm32_forbot/STM32/F4_forbot/F4_forbot_07_UART_DMA/Core/Inc" -I"C:/git_repo/stm32_forbot/STM32/F4_forbot/F4_forbot_07_UART_DMA/Drivers/STM32F4xx_HAL_Driver/Inc" -I"C:/git_repo/stm32_forbot/STM32/F4_forbot/F4_forbot_07_UART_DMA/Drivers/STM32F4xx_HAL_Driver/Inc/Legacy" -I"C:/git_repo/stm32_forbot/STM32/F4_forbot/F4_forbot_07_UART_DMA/Drivers/CMSIS/Device/ST/STM32F4xx/Include" -I"C:/git_repo/stm32_forbot/STM32/F4_forbot/F4_forbot_07_UART_DMA/Drivers/CMSIS/Include"  -Og -g3 -Wall -fmessage-length=0 -ffunction-sections -c -fmessage-length=0 -MMD -MP -MF"Drivers/STM32F4xx_HAL_Driver/stm32f4xx_hal_tim_ex.d" -MT"Drivers/STM32F4xx_HAL_Driver/stm32f4xx_hal_tim_ex.o" -o "Drivers/STM32F4xx_HAL_Driver/stm32f4xx_hal_tim_ex.o" "C:/git_repo/stm32_forbot/STM32/F4_forbot/F4_forbot_07_UART_DMA/Drivers/STM32F4xx_HAL_Driver/Src/stm32f4xx_hal_tim_ex.c"
Building file: C:/git_repo/stm32_forbot/STM32/F4_forbot/F4_forbot_07_UART_DMA/Drivers/STM32F4xx_HAL_Driver/Src/stm32f4xx_hal_uart.c
Invoking: MCU GCC Compiler
C:\git_repo\stm32_forbot\STM32\F4_forbot\F4_forbot_07_UART_DMA\SW4STM32\F4_forbot_07_UART_DMA\Debug
arm-none-eabi-gcc -mcpu=cortex-m4 -mthumb -mfloat-abi=hard -mfpu=fpv4-sp-d16 -DUSE_HAL_DRIVER -DSTM32F411xE -I"C:/git_repo/stm32_forbot/STM32/F4_forbot/F4_forbot_07_UART_DMA/Core/Inc" -I"C:/git_repo/stm32_forbot/STM32/F4_forbot/F4_forbot_07_UART_DMA/Drivers/STM32F4xx_HAL_Driver/Inc" -I"C:/git_repo/stm32_forbot/STM32/F4_forbot/F4_forbot_07_UART_DMA/Drivers/STM32F4xx_HAL_Driver/Inc/Legacy" -I"C:/git_repo/stm32_forbot/STM32/F4_forbot/F4_forbot_07_UART_DMA/Drivers/CMSIS/Device/ST/STM32F4xx/Include" -I"C:/git_repo/stm32_forbot/STM32/F4_forbot/F4_forbot_07_UART_DMA/Drivers/CMSIS/Include"  -Og -g3 -Wall -fmessage-length=0 -ffunction-sections -c -fmessage-length=0 -MMD -MP -MF"Drivers/STM32F4xx_HAL_Driver/stm32f4xx_hal_uart.d" -MT"Drivers/STM32F4xx_HAL_Driver/stm32f4xx_hal_uart.o" -o "Drivers/STM32F4xx_HAL_Driver/stm32f4xx_hal_uart.o" "C:/git_repo/stm32_forbot/STM32/F4_forbot/F4_forbot_07_UART_DMA/Drivers/STM32F4xx_HAL_Driver/Src/stm32f4xx_hal_uart.c"
Finished building: C:/git_repo/stm32_forbot/STM32/F4_forbot/F4_forbot_07_UART_DMA/Drivers/STM32F4xx_HAL_Driver/Src/stm32f4xx_hal_rcc_ex.c
Finished building: C:/git_repo/stm32_forbot/STM32/F4_forbot/F4_forbot_07_UART_DMA/Drivers/STM32F4xx_HAL_Driver/Src/stm32f4xx_hal_tim.c
 
 
Building file: C:/git_repo/stm32_forbot/STM32/F4_forbot/F4_forbot_07_UART_DMA/Core/Src/system_stm32f4xx.c
Building file: C:/git_repo/stm32_forbot/STM32/F4_forbot/F4_forbot_07_UART_DMA/Core/Src/main.c
Invoking: MCU GCC Compiler
Finished building: C:/git_repo/stm32_forbot/STM32/F4_forbot/F4_forbot_07_UART_DMA/Drivers/STM32F4xx_HAL_Driver/Src/stm32f4xx_hal_tim_ex.c
Invoking: MCU GCC Compiler
C:\git_repo\stm32_forbot\STM32\F4_forbot\F4_forbot_07_UART_DMA\SW4STM32\F4_forbot_07_UART_DMA\Debug
arm-none-eabi-gcc -mcpu=cortex-m4 -mthumb -mfloat-abi=hard -mfpu=fpv4-sp-d16 -DUSE_HAL_DRIVER -DSTM32F411xE -I"C:/git_repo/stm32_forbot/STM32/F4_forbot/F4_forbot_07_UART_DMA/Core/Inc" -I"C:/git_repo/stm32_forbot/STM32/F4_forbot/F4_forbot_07_UART_DMA/Drivers/STM32F4xx_HAL_Driver/Inc" -I"C:/git_repo/stm32_forbot/STM32/F4_forbot/F4_forbot_07_UART_DMA/Drivers/STM32F4xx_HAL_Driver/Inc/Legacy" -I"C:/git_repo/stm32_forbot/STM32/F4_forbot/F4_forbot_07_UART_DMA/Drivers/CMSIS/Device/ST/STM32F4xx/Include" -I"C:/git_repo/stm32_forbot/STM32/F4_forbot/F4_forbot_07_UART_DMA/Drivers/CMSIS/Include"  -Og -g3 -Wall -fmessage-length=0 -ffunction-sections -c -fmessage-length=0 -MMD -MP -MF"Drivers/CMSIS/system_stm32f4xx.d" -MT"Drivers/CMSIS/system_stm32f4xx.o" -o "Drivers/CMSIS/system_stm32f4xx.o" "C:/git_repo/stm32_forbot/STM32/F4_forbot/F4_forbot_07_UART_DMA/Core/Src/system_stm32f4xx.c"
 
C:\git_repo\stm32_forbot\STM32\F4_forbot\F4_forbot_07_UART_DMA\SW4STM32\F4_forbot_07_UART_DMA\Debug
arm-none-eabi-gcc -mcpu=cortex-m4 -mthumb -mfloat-abi=hard -mfpu=fpv4-sp-d16 -DUSE_HAL_DRIVER -DSTM32F411xE -I"C:/git_repo/stm32_forbot/STM32/F4_forbot/F4_forbot_07_UART_DMA/Core/Inc" -I"C:/git_repo/stm32_forbot/STM32/F4_forbot/F4_forbot_07_UART_DMA/Drivers/STM32F4xx_HAL_Driver/Inc" -I"C:/git_repo/stm32_forbot/STM32/F4_forbot/F4_forbot_07_UART_DMA/Drivers/STM32F4xx_HAL_Driver/Inc/Legacy" -I"C:/git_repo/stm32_forbot/STM32/F4_forbot/F4_forbot_07_UART_DMA/Drivers/CMSIS/Device/ST/STM32F4xx/Include" -I"C:/git_repo/stm32_forbot/STM32/F4_forbot/F4_forbot_07_UART_DMA/Drivers/CMSIS/Include"  -Og -g3 -Wall -fmessage-length=0 -ffunction-sections -c -fmessage-length=0 -MMD -MP -MF"Application/User/Core/main.d" -MT"Application/User/Core/main.o" -o "Application/User/Core/main.o" "C:/git_repo/stm32_forbot/STM32/F4_forbot/F4_forbot_07_UART_DMA/Core/Src/main.c"
Building file: C:/git_repo/stm32_forbot/STM32/F4_forbot/F4_forbot_07_UART_DMA/Core/Src/stm32f4xx_hal_msp.c
Invoking: MCU GCC Compiler
C:\git_repo\stm32_forbot\STM32\F4_forbot\F4_forbot_07_UART_DMA\SW4STM32\F4_forbot_07_UART_DMA\Debug
arm-none-eabi-gcc -mcpu=cortex-m4 -mthumb -mfloat-abi=hard -mfpu=fpv4-sp-d16 -DUSE_HAL_DRIVER -DSTM32F411xE -I"C:/git_repo/stm32_forbot/STM32/F4_forbot/F4_forbot_07_UART_DMA/Core/Inc" -I"C:/git_repo/stm32_forbot/STM32/F4_forbot/F4_forbot_07_UART_DMA/Drivers/STM32F4xx_HAL_Driver/Inc" -I"C:/git_repo/stm32_forbot/STM32/F4_forbot/F4_forbot_07_UART_DMA/Drivers/STM32F4xx_HAL_Driver/Inc/Legacy" -I"C:/git_repo/stm32_forbot/STM32/F4_forbot/F4_forbot_07_UART_DMA/Drivers/CMSIS/Device/ST/STM32F4xx/Include" -I"C:/git_repo/stm32_forbot/STM32/F4_forbot/F4_forbot_07_UART_DMA/Drivers/CMSIS/Include"  -Og -g3 -Wall -fmessage-length=0 -ffunction-sections -c -fmessage-length=0 -MMD -MP -MF"Application/User/Core/stm32f4xx_hal_msp.d" -MT"Application/User/Core/stm32f4xx_hal_msp.o" -o "Application/User/Core/stm32f4xx_hal_msp.o" "C:/git_repo/stm32_forbot/STM32/F4_forbot/F4_forbot_07_UART_DMA/Core/Src/stm32f4xx_hal_msp.c"
C:/git_repo/stm32_forbot/STM32/F4_forbot/F4_forbot_07_UART_DMA/Core/Src/main.c: In function 'HAL_UART_RxCpltCallback':
C:/git_repo/stm32_forbot/STM32/F4_forbot/F4_forbot_07_UART_DMA/Core/Src/main.c:64:2: warning: implicit declaration of function 'sprintf' [-Wimplicit-function-declaration]
  sprintf(Data, "Odebrana wiadomosc: %s\n\r", Received);
  ^~~~~~~
C:/git_repo/stm32_forbot/STM32/F4_forbot/F4_forbot_07_UART_DMA/Core/Src/main.c:64:2: warning: incompatible implicit declaration of built-in function 'sprintf'
C:/git_repo/stm32_forbot/STM32/F4_forbot/F4_forbot_07_UART_DMA/Core/Src/main.c:64:2: note: include '<stdio.h>' or provide a declaration of 'sprintf'
C:/git_repo/stm32_forbot/STM32/F4_forbot/F4_forbot_07_UART_DMA/Core/Src/main.c:64:10: warning: pointer targets in passing argument 1 of 'sprintf' differ in signedness [-Wpointer-sign]
  sprintf(Data, "Odebrana wiadomosc: %s\n\r", Received);
          ^~~~
C:/git_repo/stm32_forbot/STM32/F4_forbot/F4_forbot_07_UART_DMA/Core/Src/main.c:64:10: note: expected 'char *' but argument is of type 'uint8_t * {aka unsigned char *}'
Finished building: C:/git_repo/stm32_forbot/STM32/F4_forbot/F4_forbot_07_UART_DMA/Core/Src/system_stm32f4xx.c
Finished building: C:/git_repo/stm32_forbot/STM32/F4_forbot/F4_forbot_07_UART_DMA/Core/Src/main.c
 
 
Building file: C:/git_repo/stm32_forbot/STM32/F4_forbot/F4_forbot_07_UART_DMA/Core/Src/stm32f4xx_it.c
Building file: C:/git_repo/stm32_forbot/STM32/F4_forbot/F4_forbot_07_UART_DMA/SW4STM32/startup_stm32f411xe.s
Invoking: MCU GCC Compiler
Invoking: MCU GCC Assembler
Finished building: C:/git_repo/stm32_forbot/STM32/F4_forbot/F4_forbot_07_UART_DMA/Drivers/STM32F4xx_HAL_Driver/Src/stm32f4xx_hal_uart.c
C:\git_repo\stm32_forbot\STM32\F4_forbot\F4_forbot_07_UART_DMA\SW4STM32\F4_forbot_07_UART_DMA\Debug
arm-none-eabi-gcc -mcpu=cortex-m4 -mthumb -mfloat-abi=hard -mfpu=fpv4-sp-d16 -DUSE_HAL_DRIVER -DSTM32F411xE -I"C:/git_repo/stm32_forbot/STM32/F4_forbot/F4_forbot_07_UART_DMA/Core/Inc" -I"C:/git_repo/stm32_forbot/STM32/F4_forbot/F4_forbot_07_UART_DMA/Drivers/STM32F4xx_HAL_Driver/Inc" -I"C:/git_repo/stm32_forbot/STM32/F4_forbot/F4_forbot_07_UART_DMA/Drivers/STM32F4xx_HAL_Driver/Inc/Legacy" -I"C:/git_repo/stm32_forbot/STM32/F4_forbot/F4_forbot_07_UART_DMA/Drivers/CMSIS/Device/ST/STM32F4xx/Include" -I"C:/git_repo/stm32_forbot/STM32/F4_forbot/F4_forbot_07_UART_DMA/Drivers/CMSIS/Include"  -Og -g3 -Wall -fmessage-length=0 -ffunction-sections -c -fmessage-length=0 -MMD -MP -MF"Application/User/Core/stm32f4xx_it.d" -MT"Application/User/Core/stm32f4xx_it.o" -o "Application/User/Core/stm32f4xx_it.o" "C:/git_repo/stm32_forbot/STM32/F4_forbot/F4_forbot_07_UART_DMA/Core/Src/stm32f4xx_it.c"
 
C:\git_repo\stm32_forbot\STM32\F4_forbot\F4_forbot_07_UART_DMA\SW4STM32\F4_forbot_07_UART_DMA\Debug
arm-none-eabi-as -mcpu=cortex-m4 -mthumb -mfloat-abi=hard -mfpu=fpv4-sp-d16 -g -o "Application/SW4STM32/startup_stm32f411xe.o" "C:/git_repo/stm32_forbot/STM32/F4_forbot/F4_forbot_07_UART_DMA/SW4STM32/startup_stm32f411xe.s"
Building file: C:/git_repo/stm32_forbot/STM32/F4_forbot/F4_forbot_07_UART_DMA/SW4STM32/syscalls.c
Invoking: MCU GCC Compiler
C:\git_repo\stm32_forbot\STM32\F4_forbot\F4_forbot_07_UART_DMA\SW4STM32\F4_forbot_07_UART_DMA\Debug
arm-none-eabi-gcc -mcpu=cortex-m4 -mthumb -mfloat-abi=hard -mfpu=fpv4-sp-d16 -DUSE_HAL_DRIVER -DSTM32F411xE -I"C:/git_repo/stm32_forbot/STM32/F4_forbot/F4_forbot_07_UART_DMA/Core/Inc" -I"C:/git_repo/stm32_forbot/STM32/F4_forbot/F4_forbot_07_UART_DMA/Drivers/STM32F4xx_HAL_Driver/Inc" -I"C:/git_repo/stm32_forbot/STM32/F4_forbot/F4_forbot_07_UART_DMA/Drivers/STM32F4xx_HAL_Driver/Inc/Legacy" -I"C:/git_repo/stm32_forbot/STM32/F4_forbot/F4_forbot_07_UART_DMA/Drivers/CMSIS/Device/ST/STM32F4xx/Include" -I"C:/git_repo/stm32_forbot/STM32/F4_forbot/F4_forbot_07_UART_DMA/Drivers/CMSIS/Include"  -Og -g3 -Wall -fmessage-length=0 -ffunction-sections -c -fmessage-length=0 -MMD -MP -MF"Application/SW4STM32/syscalls.d" -MT"Application/SW4STM32/syscalls.o" -o "Application/SW4STM32/syscalls.o" "C:/git_repo/stm32_forbot/STM32/F4_forbot/F4_forbot_07_UART_DMA/SW4STM32/syscalls.c"
Finished building: C:/git_repo/stm32_forbot/STM32/F4_forbot/F4_forbot_07_UART_DMA/Core/Src/stm32f4xx_hal_msp.c
Finished building: C:/git_repo/stm32_forbot/STM32/F4_forbot/F4_forbot_07_UART_DMA/SW4STM32/startup_stm32f411xe.s
 
 
Finished building: C:/git_repo/stm32_forbot/STM32/F4_forbot/F4_forbot_07_UART_DMA/SW4STM32/syscalls.c
 
Finished building: C:/git_repo/stm32_forbot/STM32/F4_forbot/F4_forbot_07_UART_DMA/Core/Src/stm32f4xx_it.c
 
Building target: F4_forbot_07_UART_DMA.elf
Invoking: MCU GCC Linker
arm-none-eabi-gcc -mcpu=cortex-m4 -mthumb -mfloat-abi=hard -mfpu=fpv4-sp-d16 -specs=nosys.specs -specs=nano.specs -T"../STM32F411VETx_FLASH.ld" -Wl,-Map=output.map -Wl,--gc-sections -o "F4_forbot_07_UART_DMA.elf" @"objects.list"   -lm
Finished building target: F4_forbot_07_UART_DMA.elf
 
C:/Ac6/SystemWorkbench/plugins/fr.ac6.mcu.externaltools.arm-none.win32_1.17.0.201812190825/tools/make/make --no-print-directory post-build
Generating hex and Printing size information:
arm-none-eabi-objcopy -O ihex "F4_forbot_07_UART_DMA.elf" "F4_forbot_07_UART_DMA.hex"
arm-none-eabi-size "F4_forbot_07_UART_DMA.elf"
   text	   data	    bss	    dec	    hex	filename
  10388	    120	   1904	  12412	   307c	F4_forbot_07_UART_DMA.elf
 
11:47:36 **** Incremental Build of configuration Debug for project F4_forbot_07_UART_DMA ****
make -j4 all 
Building file: C:/git_repo/stm32_forbot/STM32/F4_forbot/F4_forbot_07_UART_DMA/Core/Src/main.c
Invoking: MCU GCC Compiler
C:\git_repo\stm32_forbot\STM32\F4_forbot\F4_forbot_07_UART_DMA\SW4STM32\F4_forbot_07_UART_DMA\Debug
arm-none-eabi-gcc -mcpu=cortex-m4 -mthumb -mfloat-abi=hard -mfpu=fpv4-sp-d16 -DUSE_HAL_DRIVER -DSTM32F411xE -I"C:/git_repo/stm32_forbot/STM32/F4_forbot/F4_forbot_07_UART_DMA/Core/Inc" -I"C:/git_repo/stm32_forbot/STM32/F4_forbot/F4_forbot_07_UART_DMA/Drivers/STM32F4xx_HAL_Driver/Inc" -I"C:/git_repo/stm32_forbot/STM32/F4_forbot/F4_forbot_07_UART_DMA/Drivers/STM32F4xx_HAL_Driver/Inc/Legacy" -I"C:/git_repo/stm32_forbot/STM32/F4_forbot/F4_forbot_07_UART_DMA/Drivers/CMSIS/Device/ST/STM32F4xx/Include" -I"C:/git_repo/stm32_forbot/STM32/F4_forbot/F4_forbot_07_UART_DMA/Drivers/CMSIS/Include"  -Og -g3 -Wall -fmessage-length=0 -ffunction-sections -c -fmessage-length=0 -MMD -MP -MF"Application/User/Core/main.d" -MT"Application/User/Core/main.o" -o "Application/User/Core/main.o" "C:/git_repo/stm32_forbot/STM32/F4_forbot/F4_forbot_07_UART_DMA/Core/Src/main.c"
C:/git_repo/stm32_forbot/STM32/F4_forbot/F4_forbot_07_UART_DMA/Core/Src/main.c: In function 'HAL_UART_RxCpltCallback':
C:/git_repo/stm32_forbot/STM32/F4_forbot/F4_forbot_07_UART_DMA/Core/Src/main.c:64:7: warning: implicit declaration of function 'sprintf' [-Wimplicit-function-declaration]
  size=sprintf(Data, "Odebrana wiadomosc: %s\n\r", Received);
       ^~~~~~~
C:/git_repo/stm32_forbot/STM32/F4_forbot/F4_forbot_07_UART_DMA/Core/Src/main.c:64:7: warning: incompatible implicit declaration of built-in function 'sprintf'
C:/git_repo/stm32_forbot/STM32/F4_forbot/F4_forbot_07_UART_DMA/Core/Src/main.c:64:7: note: include '<stdio.h>' or provide a declaration of 'sprintf'
C:/git_repo/stm32_forbot/STM32/F4_forbot/F4_forbot_07_UART_DMA/Core/Src/main.c:64:15: warning: pointer targets in passing argument 1 of 'sprintf' differ in signedness [-Wpointer-sign]
  size=sprintf(Data, "Odebrana wiadomosc: %s\n\r", Received);
               ^~~~
C:/git_repo/stm32_forbot/STM32/F4_forbot/F4_forbot_07_UART_DMA/Core/Src/main.c:64:15: note: expected 'char *' but argument is of type 'uint8_t * {aka unsigned char *}'
Finished building: C:/git_repo/stm32_forbot/STM32/F4_forbot/F4_forbot_07_UART_DMA/Core/Src/main.c
 
Building target: F4_forbot_07_UART_DMA.elf
Invoking: MCU GCC Linker
arm-none-eabi-gcc -mcpu=cortex-m4 -mthumb -mfloat-abi=hard -mfpu=fpv4-sp-d16 -specs=nosys.specs -specs=nano.specs -T"../STM32F411VETx_FLASH.ld" -Wl,-Map=output.map -Wl,--gc-sections -o "F4_forbot_07_UART_DMA.elf" @"objects.list"   -lm
Finished building target: F4_forbot_07_UART_DMA.elf
 
C:/Ac6/SystemWorkbench/plugins/fr.ac6.mcu.externaltools.arm-none.win32_1.17.0.201812190825/tools/make/make --no-print-directory post-build
Generating hex and Printing size information:
arm-none-eabi-objcopy -O ihex "F4_forbot_07_UART_DMA.elf" "F4_forbot_07_UART_DMA.hex"
arm-none-eabi-size "F4_forbot_07_UART_DMA.elf"
   text	   data	    bss	    dec	    hex	filename
  10388	    120	   1904	  12412	   307c	F4_forbot_07_UART_DMA.elf
 
11:49:02 **** Incremental Build of configuration Debug for project F4_forbot_07_UART_DMA ****
make -j4 all 
make: Nothing to be done for 'all'.
11:50:41 **** Incremental Build of configuration Debug for project F4_forbot_07_UART_ZAD ****
make -j4 all 
Building file: C:/git_repo/stm32_forbot/STM32/F4_forbot/F4_forbot_07_UART_ZAD/Core/Src/main.c
Invoking: MCU GCC Compiler
C:\git_repo\stm32_forbot\STM32\F4_forbot\F4_forbot_07_UART_ZAD\SW4STM32\F4_forbot_07_UART_ZAD\Debug
arm-none-eabi-gcc -mcpu=cortex-m4 -mthumb -mfloat-abi=hard -mfpu=fpv4-sp-d16 -DUSE_HAL_DRIVER -DSTM32F411xE -I"C:/git_repo/stm32_forbot/STM32/F4_forbot/F4_forbot_07_UART_ZAD/Core/Inc" -I"C:/git_repo/stm32_forbot/STM32/F4_forbot/F4_forbot_07_UART_ZAD/Drivers/STM32F4xx_HAL_Driver/Inc" -I"C:/git_repo/stm32_forbot/STM32/F4_forbot/F4_forbot_07_UART_ZAD/Drivers/STM32F4xx_HAL_Driver/Inc/Legacy" -I"C:/git_repo/stm32_forbot/STM32/F4_forbot/F4_forbot_07_UART_ZAD/Drivers/CMSIS/Device/ST/STM32F4xx/Include" -I"C:/git_repo/stm32_forbot/STM32/F4_forbot/F4_forbot_07_UART_ZAD/Drivers/CMSIS/Include"  -Og -g3 -Wall -fmessage-length=0 -ffunction-sections -c -fmessage-length=0 -MMD -MP -MF"Application/User/Core/main.d" -MT"Application/User/Core/main.o" -o "Application/User/Core/main.o" "C:/git_repo/stm32_forbot/STM32/F4_forbot/F4_forbot_07_UART_ZAD/Core/Src/main.c"
C:/git_repo/stm32_forbot/STM32/F4_forbot/F4_forbot_07_UART_ZAD/Core/Src/main.c: In function 'HAL_UART_RxCpltCallback':
C:/git_repo/stm32_forbot/STM32/F4_forbot/F4_forbot_07_UART_ZAD/Core/Src/main.c:61:7: warning: implicit declaration of function 'strcmp' [-Wimplicit-function-declaration]
  if ( strcmp(Received,"on1") == 0 ){
       ^~~~~~
C:/git_repo/stm32_forbot/STM32/F4_forbot/F4_forbot_07_UART_ZAD/Core/Src/main.c:71:9: warning: implicit declaration of function 'sprintf' [-Wimplicit-function-declaration]
  size = sprintf(Data, "Odebrano nieznany znak:  %s\n\r", Received);
         ^~~~~~~
C:/git_repo/stm32_forbot/STM32/F4_forbot/F4_forbot_07_UART_ZAD/Core/Src/main.c:71:9: warning: incompatible implicit declaration of built-in function 'sprintf'
C:/git_repo/stm32_forbot/STM32/F4_forbot/F4_forbot_07_UART_ZAD/Core/Src/main.c:71:9: note: include '<stdio.h>' or provide a declaration of 'sprintf'
C:/git_repo/stm32_forbot/STM32/F4_forbot/F4_forbot_07_UART_ZAD/Core/Src/main.c:71:17: warning: pointer targets in passing argument 1 of 'sprintf' differ in signedness [-Wpointer-sign]
  size = sprintf(Data, "Odebrano nieznany znak:  %s\n\r", Received);
                 ^~~~
C:/git_repo/stm32_forbot/STM32/F4_forbot/F4_forbot_07_UART_ZAD/Core/Src/main.c:71:17: note: expected 'char *' but argument is of type 'uint8_t * {aka unsigned char *}'
Finished building: C:/git_repo/stm32_forbot/STM32/F4_forbot/F4_forbot_07_UART_ZAD/Core/Src/main.c
 
Building target: F4_forbot_07_UART_ZAD.elf
Invoking: MCU GCC Linker
arm-none-eabi-gcc -mcpu=cortex-m4 -mthumb -mfloat-abi=hard -mfpu=fpv4-sp-d16 -specs=nosys.specs -specs=nano.specs -T"../STM32F411VETx_FLASH.ld" -Wl,-Map=output.map -Wl,--gc-sections -o "F4_forbot_07_UART_ZAD.elf" @"objects.list"   -lm
Finished building target: F4_forbot_07_UART_ZAD.elf
 
C:/Ac6/SystemWorkbench/plugins/fr.ac6.mcu.externaltools.arm-none.win32_1.17.0.201812190825/tools/make/make --no-print-directory post-build
Generating hex and Printing size information:
arm-none-eabi-objcopy -O ihex "F4_forbot_07_UART_ZAD.elf" "F4_forbot_07_UART_ZAD.hex"
arm-none-eabi-size "F4_forbot_07_UART_ZAD.elf"
   text	   data	    bss	    dec	    hex	filename
   8772	    120	   1664	  10556	   293c	F4_forbot_07_UART_ZAD.elf
 
11:51:06 **** Incremental Build of configuration Debug for project F4_forbot_07_UART_ZAD ****
make -j4 all 
make: Nothing to be done for 'all'.
12:08:23 **** Incremental Build of configuration Debug for project F4_forbot_07_UART_DMA ****
make -j4 all 
Building file: C:/git_repo/stm32_forbot/STM32/F4_forbot/F4_forbot_07_UART_DMA/Core/Src/main.c
Invoking: MCU GCC Compiler
C:\git_repo\stm32_forbot\STM32\F4_forbot\F4_forbot_07_UART_DMA\SW4STM32\F4_forbot_07_UART_DMA\Debug
arm-none-eabi-gcc -mcpu=cortex-m4 -mthumb -mfloat-abi=hard -mfpu=fpv4-sp-d16 -DUSE_HAL_DRIVER -DSTM32F411xE -I"C:/git_repo/stm32_forbot/STM32/F4_forbot/F4_forbot_07_UART_DMA/Core/Inc" -I"C:/git_repo/stm32_forbot/STM32/F4_forbot/F4_forbot_07_UART_DMA/Drivers/STM32F4xx_HAL_Driver/Inc" -I"C:/git_repo/stm32_forbot/STM32/F4_forbot/F4_forbot_07_UART_DMA/Drivers/STM32F4xx_HAL_Driver/Inc/Legacy" -I"C:/git_repo/stm32_forbot/STM32/F4_forbot/F4_forbot_07_UART_DMA/Drivers/CMSIS/Device/ST/STM32F4xx/Include" -I"C:/git_repo/stm32_forbot/STM32/F4_forbot/F4_forbot_07_UART_DMA/Drivers/CMSIS/Include"  -Og -g3 -Wall -fmessage-length=0 -ffunction-sections -c -fmessage-length=0 -MMD -MP -MF"Application/User/Core/main.d" -MT"Application/User/Core/main.o" -o "Application/User/Core/main.o" "C:/git_repo/stm32_forbot/STM32/F4_forbot/F4_forbot_07_UART_DMA/Core/Src/main.c"
C:/git_repo/stm32_forbot/STM32/F4_forbot/F4_forbot_07_UART_DMA/Core/Src/main.c: In function 'HAL_UART_RxCpltCallback':
C:/git_repo/stm32_forbot/STM32/F4_forbot/F4_forbot_07_UART_DMA/Core/Src/main.c:64:7: warning: implicit declaration of function 'sprintf' [-Wimplicit-function-declaration]
  size=sprintf(Data, "Odebrana wiadomosc: %s\n\r", Received);
       ^~~~~~~
C:/git_repo/stm32_forbot/STM32/F4_forbot/F4_forbot_07_UART_DMA/Core/Src/main.c:64:7: warning: incompatible implicit declaration of built-in function 'sprintf'
C:/git_repo/stm32_forbot/STM32/F4_forbot/F4_forbot_07_UART_DMA/Core/Src/main.c:64:7: note: include '<stdio.h>' or provide a declaration of 'sprintf'
C:/git_repo/stm32_forbot/STM32/F4_forbot/F4_forbot_07_UART_DMA/Core/Src/main.c:64:15: warning: pointer targets in passing argument 1 of 'sprintf' differ in signedness [-Wpointer-sign]
  size=sprintf(Data, "Odebrana wiadomosc: %s\n\r", Received);
               ^~~~
C:/git_repo/stm32_forbot/STM32/F4_forbot/F4_forbot_07_UART_DMA/Core/Src/main.c:64:15: note: expected 'char *' but argument is of type 'uint8_t * {aka unsigned char *}'
Finished building: C:/git_repo/stm32_forbot/STM32/F4_forbot/F4_forbot_07_UART_DMA/Core/Src/main.c
 
Building target: F4_forbot_07_UART_DMA.elf
Invoking: MCU GCC Linker
arm-none-eabi-gcc -mcpu=cortex-m4 -mthumb -mfloat-abi=hard -mfpu=fpv4-sp-d16 -specs=nosys.specs -specs=nano.specs -T"../STM32F411VETx_FLASH.ld" -Wl,-Map=output.map -Wl,--gc-sections -o "F4_forbot_07_UART_DMA.elf" @"objects.list"   -lm
Finished building target: F4_forbot_07_UART_DMA.elf
 
C:/Ac6/SystemWorkbench/plugins/fr.ac6.mcu.externaltools.arm-none.win32_1.17.0.201812190825/tools/make/make --no-print-directory post-build
Generating hex and Printing size information:
arm-none-eabi-objcopy -O ihex "F4_forbot_07_UART_DMA.elf" "F4_forbot_07_UART_DMA.hex"
arm-none-eabi-size "F4_forbot_07_UART_DMA.elf"
   text	   data	    bss	    dec	    hex	filename
  10388	    120	   1904	  12412	   307c	F4_forbot_07_UART_DMA.elf
 
12:08:38 **** Incremental Build of configuration Debug for project F4_forbot_07_UART_DMA ****
make -j4 all 
make: Nothing to be done for 'all'.
12:09:47 **** Incremental Build of configuration Debug for project F4_forbot_07_UART_DMA ****
make -j4 all 
make: Nothing to be done for 'all'.
