00:26:36 **** Incremental Build of configuration Debug for project R-CUBE_revCubeIDE ****
make -j12 all 
arm-none-eabi-gcc "../Core/Src/stm32_tm1637.c" -mcpu=cortex-m0plus -std=gnu11 -g3 -DDEBUG -DUSE_HAL_DRIVER -DSTM32L051xx -c -I../Core/Inc -I../Drivers/STM32L0xx_HAL_Driver/Inc -I../Drivers/STM32L0xx_HAL_Driver/Inc/Legacy -I../Drivers/CMSIS/Device/ST/STM32L0xx/Include -I../Drivers/CMSIS/Include -O0 -ffunction-sections -fdata-sections -Wall -fstack-usage -MMD -MP -MF"Core/Src/stm32_tm1637.d" -MT"Core/Src/stm32_tm1637.o" --specs=nano.specs -mfloat-abi=soft -mthumb -o "Core/Src/stm32_tm1637.o"
arm-none-eabi-gcc -o "R-CUBE_revCubeIDE.elf" @"objects.list"   -mcpu=cortex-m0plus -T"D:\Development\embedded\STM32L4_forbot\R-CUBE_revCubeIDE\STM32L051K8TX_FLASH.ld" --specs=nosys.specs -Wl,-Map="R-CUBE_revCubeIDE.map" -Wl,--gc-sections -static --specs=nano.specs -mfloat-abi=soft -mthumb -Wl,--start-group -lc -lm -Wl,--end-group
Finished building target: R-CUBE_revCubeIDE.elf
 
arm-none-eabi-size   R-CUBE_revCubeIDE.elf 
arm-none-eabi-objdump -h -S  R-CUBE_revCubeIDE.elf  > "R-CUBE_revCubeIDE.list"
arm-none-eabi-objcopy  -O binary  R-CUBE_revCubeIDE.elf  "R-CUBE_revCubeIDE.bin"
   text	   data	    bss	    dec	    hex	filename
  12568	     20	   1868	  14456	   3878	R-CUBE_revCubeIDE.elf
Finished building: default.size.stdout
 
Finished building: R-CUBE_revCubeIDE.bin
Finished building: R-CUBE_revCubeIDE.list
 
 

00:26:38 Build Finished. 0 errors, 0 warnings. (took 2s.96ms)

