23:41:14 **** Incremental Build of configuration Debug for project R-CUBE_L4_tm1637_robotDyn_0 ****
make -j12 all 
arm-none-eabi-gcc "../Core/Src/main.c" -mcpu=cortex-m4 -std=gnu11 -g3 -DDEBUG -DUSE_HAL_DRIVER -DSTM32L476xx -c -I../Core/Inc -I../Drivers/STM32L4xx_HAL_Driver/Inc -I../Drivers/STM32L4xx_HAL_Driver/Inc/Legacy -I../Drivers/CMSIS/Device/ST/STM32L4xx/Include -I../Drivers/CMSIS/Include -O0 -ffunction-sections -fdata-sections -Wall -fstack-usage -MMD -MP -MF"Core/Src/main.d" -MT"Core/Src/main.o" --specs=nano.specs -mfpu=fpv4-sp-d16 -mfloat-abi=hard -mthumb -o "Core/Src/main.o"
arm-none-eabi-gcc -o "R-CUBE_L4_tm1637_robotDyn_0.elf" @"objects.list"   -mcpu=cortex-m4 -T"D:\Development\embedded\embedded_training\L4_forbot\R-CUBE_L4_tm1637_robotDyn_0\STM32L476RGTX_FLASH.ld" --specs=nosys.specs -Wl,-Map="R-CUBE_L4_tm1637_robotDyn_0.map" -Wl,--gc-sections -static --specs=nano.specs -mfpu=fpv4-sp-d16 -mfloat-abi=hard -mthumb -Wl,--start-group -lc -lm -Wl,--end-group
Finished building target: R-CUBE_L4_tm1637_robotDyn_0.elf
 
arm-none-eabi-size   R-CUBE_L4_tm1637_robotDyn_0.elf 
arm-none-eabi-objdump -h -S  R-CUBE_L4_tm1637_robotDyn_0.elf  > "R-CUBE_L4_tm1637_robotDyn_0.list"
arm-none-eabi-objcopy  -O binary  R-CUBE_L4_tm1637_robotDyn_0.elf  "R-CUBE_L4_tm1637_robotDyn_0.bin"
   text	   data	    bss	    dec	    hex	filename
   6864	     20	   1572	   8456	   2108	R-CUBE_L4_tm1637_robotDyn_0.elf
Finished building: default.size.stdout
 
Finished building: R-CUBE_L4_tm1637_robotDyn_0.list
Finished building: R-CUBE_L4_tm1637_robotDyn_0.bin
 
 

23:41:16 Build Finished. 0 errors, 0 warnings. (took 1s.280ms)

