23:37:55 **** Incremental Build of configuration Debug for project SKM_cli_try ****
make -j12 all 
arm-none-eabi-gcc "../Core/Src/main.c" -mcpu=cortex-m4 -std=gnu11 -g3 -DDEBUG -DUSE_HAL_DRIVER -DSTM32L476xx -c -I../Core/Inc -I../Drivers/STM32L4xx_HAL_Driver/Inc -I../Drivers/STM32L4xx_HAL_Driver/Inc/Legacy -I../Drivers/CMSIS/Device/ST/STM32L4xx/Include -I../Drivers/CMSIS/Include -O0 -ffunction-sections -fdata-sections -Wall -fstack-usage -MMD -MP -MF"Core/Src/main.d" -MT"Core/Src/main.o" --specs=nano.specs -mfpu=fpv4-sp-d16 -mfloat-abi=hard -mthumb -o "Core/Src/main.o"
../Core/Src/main.c: In function 'HAL_UART_RxCpltCallback':
../Core/Src/main.c:57:7: warning: implicit declaration of function 'strcmp' [-Wimplicit-function-declaration]
   57 |  if ( strcmp(Received,"on1") == 0 ){
      |       ^~~~~~
../Core/Src/main.c:57:14: warning: pointer targets in passing argument 1 of 'strcmp' differ in signedness [-Wpointer-sign]
   57 |  if ( strcmp(Received,"on1") == 0 ){
      |              ^~~~~~~~
      |              |
      |              uint8_t * {aka unsigned char *}
../Core/Src/main.c:57:14: note: expected 'const char *' but argument is of type 'uint8_t *' {aka 'unsigned char *'}
../Core/Src/main.c:61:14: warning: pointer targets in passing argument 1 of 'strcmp' differ in signedness [-Wpointer-sign]
   61 |  if ( strcmp(Received,"of1") == 0 ){
      |              ^~~~~~~~
      |              |
      |              uint8_t * {aka unsigned char *}
../Core/Src/main.c:61:14: note: expected 'const char *' but argument is of type 'uint8_t *' {aka 'unsigned char *'}
../Core/Src/main.c:67:9: warning: implicit declaration of function 'sprintf' [-Wimplicit-function-declaration]
   67 |  size = sprintf(Data, "Odebrano nieznany znak:  %s\n\r", Received);
      |         ^~~~~~~
../Core/Src/main.c:67:9: warning: incompatible implicit declaration of built-in function 'sprintf'
../Core/Src/main.c:21:1: note: include '<stdio.h>' or provide a declaration of 'sprintf'
   20 | #include "main.h"
  +++ |+#include <stdio.h>
   21 | 
../Core/Src/main.c:67:17: warning: pointer targets in passing argument 1 of 'sprintf' differ in signedness [-Wpointer-sign]
   67 |  size = sprintf(Data, "Odebrano nieznany znak:  %s\n\r", Received);
      |                 ^~~~
      |                 |
      |                 uint8_t * {aka unsigned char *}
../Core/Src/main.c:67:17: note: expected 'char *' but argument is of type 'uint8_t *' {aka 'unsigned char *'}
arm-none-eabi-gcc -o "SKM_cli_try.elf" @"objects.list"   -mcpu=cortex-m4 -T"D:\Development\embedded\STM32L4_forbot\SKM_cli_try\STM32L476RGTX_FLASH.ld" --specs=nosys.specs -Wl,-Map="SKM_cli_try.map" -Wl,--gc-sections -static --specs=nano.specs -mfpu=fpv4-sp-d16 -mfloat-abi=hard -mthumb -Wl,--start-group -lc -lm -Wl,--end-group
Finished building target: SKM_cli_try.elf
 
arm-none-eabi-size   SKM_cli_try.elf 
arm-none-eabi-objdump -h -S  SKM_cli_try.elf  > "SKM_cli_try.list"
arm-none-eabi-objcopy  -O binary  SKM_cli_try.elf  "SKM_cli_try.bin"
   text	   data	    bss	    dec	    hex	filename
  18804	    120	   1736	  20660	   50b4	SKM_cli_try.elf
Finished building: default.size.stdout
 
Finished building: SKM_cli_try.bin
 
Finished building: SKM_cli_try.list
 

23:37:56 Build Finished. 0 errors, 6 warnings. (took 1s.86ms)

