09:46:41 **** Incremental Build of configuration Debug for project F4_forbot_GPIO_zad ****
make -j4 all 
Building file: C:/git_repo/stm32_forbot/STM32/F4_forbot_GPIO_zad/Core/Src/main.c
Invoking: MCU GCC Compiler
C:\git_repo\stm32_forbot\STM32\F4_forbot_GPIO_zad\SW4STM32\F4_forbot_GPIO_zad\Debug
arm-none-eabi-gcc -mcpu=cortex-m4 -mthumb -mfloat-abi=hard -mfpu=fpv4-sp-d16 -DUSE_HAL_DRIVER -DSTM32F411xE -I"C:/git_repo/stm32_forbot/STM32/F4_forbot_GPIO_zad/Core/Inc" -I"C:/git_repo/stm32_forbot/STM32/F4_forbot_GPIO_zad/Drivers/STM32F4xx_HAL_Driver/Inc" -I"C:/git_repo/stm32_forbot/STM32/F4_forbot_GPIO_zad/Drivers/STM32F4xx_HAL_Driver/Inc/Legacy" -I"C:/git_repo/stm32_forbot/STM32/F4_forbot_GPIO_zad/Drivers/CMSIS/Device/ST/STM32F4xx/Include" -I"C:/git_repo/stm32_forbot/STM32/F4_forbot_GPIO_zad/Drivers/CMSIS/Include"  -Og -g3 -Wall -fmessage-length=0 -ffunction-sections -c -fmessage-length=0 -MMD -MP -MF"Application/User/Core/main.d" -MT"Application/User/Core/main.o" -o "Application/User/Core/main.o" "C:/git_repo/stm32_forbot/STM32/F4_forbot_GPIO_zad/Core/Src/main.c"
Finished building: C:/git_repo/stm32_forbot/STM32/F4_forbot_GPIO_zad/Core/Src/main.c
 
Building target: F4_forbot_GPIO_zad.elf
Invoking: MCU GCC Linker
arm-none-eabi-gcc -mcpu=cortex-m4 -mthumb -mfloat-abi=hard -mfpu=fpv4-sp-d16 -specs=nosys.specs -specs=nano.specs -T"../STM32F411VETx_FLASH.ld" -Wl,-Map=output.map -Wl,--gc-sections -o "F4_forbot_GPIO_zad.elf" @"objects.list"   -lm
Finished building target: F4_forbot_GPIO_zad.elf
 
C:/Ac6/SystemWorkbench/plugins/fr.ac6.mcu.externaltools.arm-none.win32_1.17.0.201812190825/tools/make/make --no-print-directory post-build
Generating hex and Printing size information:
arm-none-eabi-objcopy -O ihex "F4_forbot_GPIO_zad.elf" "F4_forbot_GPIO_zad.hex"
arm-none-eabi-size "F4_forbot_GPIO_zad.elf"
   text	   data	    bss	    dec	    hex	filename
   4472	     20	   1572	   6064	   17b0	F4_forbot_GPIO_zad.elf
 

09:46:45 Build Finished (took 3s.955ms)

